
===========================================================================
report_checks -path_delay max (Setup)
============================================================================
======================= Fastest Corner ===================================

Startpoint: op[0] (input port clocked by clk)
Endpoint: result[7] (output port clocked by clk)
Path Group: clk
Path Type: max
Corner: Fastest

Fanout     Cap    Slew   Delay    Time   Description
-----------------------------------------------------------------------------
                  0.00    0.00    0.00   clock clk (rise edge)
                          0.00    0.00   clock network delay (ideal)
                          2.00    2.00 ^ input external delay
                  0.02    0.01    2.01 ^ op[0] (in)
     1    0.00                           op[0] (net)
                  0.02    0.00    2.01 ^ input17/A (sky130_fd_sc_hd__clkbuf_2)
                  0.10    0.11    2.12 ^ input17/X (sky130_fd_sc_hd__clkbuf_2)
     6    0.02                           net17 (net)
                  0.10    0.00    2.12 ^ _090_/C_N (sky130_fd_sc_hd__or3b_1)
                  0.04    0.20    2.33 v _090_/X (sky130_fd_sc_hd__or3b_1)
     1    0.00                           _023_ (net)
                  0.04    0.00    2.33 v _091_/A (sky130_fd_sc_hd__buf_2)
                  0.05    0.12    2.45 v _091_/X (sky130_fd_sc_hd__buf_2)
     8    0.03                           _024_ (net)
                  0.05    0.00    2.45 v _092_/A2 (sky130_fd_sc_hd__a21bo_1)
                  0.03    0.14    2.59 v _092_/X (sky130_fd_sc_hd__a21bo_1)
     2    0.01                           _025_ (net)
                  0.03    0.00    2.59 v _095_/A1 (sky130_fd_sc_hd__a21o_1)
                  0.03    0.11    2.70 v _095_/X (sky130_fd_sc_hd__a21o_1)
     2    0.00                           _028_ (net)
                  0.03    0.00    2.70 v _107_/A1 (sky130_fd_sc_hd__a21o_1)
                  0.03    0.11    2.81 v _107_/X (sky130_fd_sc_hd__a21o_1)
     2    0.01                           _039_ (net)
                  0.03    0.00    2.81 v _111_/A (sky130_fd_sc_hd__and2_1)
                  0.06    0.13    2.94 v _111_/X (sky130_fd_sc_hd__and2_1)
     5    0.02                           _043_ (net)
                  0.06    0.00    2.94 v _157_/A1 (sky130_fd_sc_hd__o211a_1)
                  0.04    0.17    3.10 v _157_/X (sky130_fd_sc_hd__o211a_1)
     2    0.01                           _001_ (net)
                  0.04    0.00    3.10 v _166_/A1 (sky130_fd_sc_hd__o211a_1)
                  0.04    0.16    3.26 v _166_/X (sky130_fd_sc_hd__o211a_1)
     2    0.01                           _009_ (net)
                  0.04    0.00    3.26 v _171_/B (sky130_fd_sc_hd__or3_1)
                  0.04    0.21    3.47 v _171_/X (sky130_fd_sc_hd__or3_1)
     1    0.00                           _014_ (net)
                  0.04    0.00    3.47 v _175_/A3 (sky130_fd_sc_hd__a31o_1)
                  0.03    0.14    3.61 v _175_/X (sky130_fd_sc_hd__a31o_1)
     1    0.00                           net27 (net)
                  0.03    0.00    3.61 v output27/A (sky130_fd_sc_hd__buf_2)
                  0.06    0.12    3.73 v output27/X (sky130_fd_sc_hd__buf_2)
     1    0.03                           result[7] (net)
                  0.06    0.00    3.73 v result[7] (out)
                                  3.73   data arrival time

                  0.00   10.00   10.00   clock clk (rise edge)
                          0.00   10.00   clock network delay (ideal)
                         -0.25    9.75   clock uncertainty
                          0.00    9.75   clock reconvergence pessimism
                         -2.00    7.75   output external delay
                                  7.75   data required time
-----------------------------------------------------------------------------
                                  7.75   data required time
                                 -3.73   data arrival time
-----------------------------------------------------------------------------
                                  4.02   slack (MET)


Startpoint: op[0] (input port clocked by clk)
Endpoint: result[6] (output port clocked by clk)
Path Group: clk
Path Type: max
Corner: Fastest

Fanout     Cap    Slew   Delay    Time   Description
-----------------------------------------------------------------------------
                  0.00    0.00    0.00   clock clk (rise edge)
                          0.00    0.00   clock network delay (ideal)
                          2.00    2.00 ^ input external delay
                  0.02    0.01    2.01 ^ op[0] (in)
     1    0.00                           op[0] (net)
                  0.02    0.00    2.01 ^ input17/A (sky130_fd_sc_hd__clkbuf_2)
                  0.10    0.11    2.12 ^ input17/X (sky130_fd_sc_hd__clkbuf_2)
     6    0.02                           net17 (net)
                  0.10    0.00    2.12 ^ _090_/C_N (sky130_fd_sc_hd__or3b_1)
                  0.04    0.20    2.33 v _090_/X (sky130_fd_sc_hd__or3b_1)
     1    0.00                           _023_ (net)
                  0.04    0.00    2.33 v _091_/A (sky130_fd_sc_hd__buf_2)
                  0.05    0.12    2.45 v _091_/X (sky130_fd_sc_hd__buf_2)
     8    0.03                           _024_ (net)
                  0.05    0.00    2.45 v _092_/A2 (sky130_fd_sc_hd__a21bo_1)
                  0.03    0.14    2.59 v _092_/X (sky130_fd_sc_hd__a21bo_1)
     2    0.01                           _025_ (net)
                  0.03    0.00    2.59 v _095_/A1 (sky130_fd_sc_hd__a21o_1)
                  0.03    0.11    2.70 v _095_/X (sky130_fd_sc_hd__a21o_1)
     2    0.00                           _028_ (net)
                  0.03    0.00    2.70 v _107_/A1 (sky130_fd_sc_hd__a21o_1)
                  0.03    0.11    2.81 v _107_/X (sky130_fd_sc_hd__a21o_1)
     2    0.01                           _039_ (net)
                  0.03    0.00    2.81 v _111_/A (sky130_fd_sc_hd__and2_1)
                  0.06    0.13    2.94 v _111_/X (sky130_fd_sc_hd__and2_1)
     5    0.02                           _043_ (net)
                  0.06    0.00    2.94 v _157_/A1 (sky130_fd_sc_hd__o211a_1)
                  0.04    0.17    3.10 v _157_/X (sky130_fd_sc_hd__o211a_1)
     2    0.01                           _001_ (net)
                  0.04    0.00    3.10 v _159_/A1 (sky130_fd_sc_hd__o21ai_1)
                  0.10    0.11    3.22 ^ _159_/Y (sky130_fd_sc_hd__o21ai_1)
     1    0.01                           _003_ (net)
                  0.10    0.00    3.22 ^ _160_/B (sky130_fd_sc_hd__xnor2_1)
                  0.08    0.08    3.30 ^ _160_/Y (sky130_fd_sc_hd__xnor2_1)
     1    0.00                           _004_ (net)
                  0.08    0.00    3.30 ^ _164_/A2 (sky130_fd_sc_hd__a21o_1)
                  0.06    0.10    3.40 ^ _164_/X (sky130_fd_sc_hd__a21o_1)
     1    0.01                           net26 (net)
                  0.06    0.00    3.40 ^ output26/A (sky130_fd_sc_hd__clkbuf_4)
                  0.09    0.14    3.54 ^ output26/X (sky130_fd_sc_hd__clkbuf_4)
     1    0.04                           result[6] (net)
                  0.09    0.00    3.54 ^ result[6] (out)
                                  3.54   data arrival time

                  0.00   10.00   10.00   clock clk (rise edge)
                          0.00   10.00   clock network delay (ideal)
                         -0.25    9.75   clock uncertainty
                          0.00    9.75   clock reconvergence pessimism
                         -2.00    7.75   output external delay
                                  7.75   data required time
-----------------------------------------------------------------------------
                                  7.75   data required time
                                 -3.54   data arrival time
-----------------------------------------------------------------------------
                                  4.21   slack (MET)


Startpoint: op[0] (input port clocked by clk)
Endpoint: result[5] (output port clocked by clk)
Path Group: clk
Path Type: max
Corner: Fastest

Fanout     Cap    Slew   Delay    Time   Description
-----------------------------------------------------------------------------
                  0.00    0.00    0.00   clock clk (rise edge)
                          0.00    0.00   clock network delay (ideal)
                          2.00    2.00 ^ input external delay
                  0.02    0.01    2.01 ^ op[0] (in)
     1    0.00                           op[0] (net)
                  0.02    0.00    2.01 ^ input17/A (sky130_fd_sc_hd__clkbuf_2)
                  0.10    0.11    2.12 ^ input17/X (sky130_fd_sc_hd__clkbuf_2)
     6    0.02                           net17 (net)
                  0.10    0.00    2.12 ^ _090_/C_N (sky130_fd_sc_hd__or3b_1)
                  0.04    0.20    2.33 v _090_/X (sky130_fd_sc_hd__or3b_1)
     1    0.00                           _023_ (net)
                  0.04    0.00    2.33 v _091_/A (sky130_fd_sc_hd__buf_2)
                  0.05    0.12    2.45 v _091_/X (sky130_fd_sc_hd__buf_2)
     8    0.03                           _024_ (net)
                  0.05    0.00    2.45 v _092_/A2 (sky130_fd_sc_hd__a21bo_1)
                  0.03    0.14    2.59 v _092_/X (sky130_fd_sc_hd__a21bo_1)
     2    0.01                           _025_ (net)
                  0.03    0.00    2.59 v _095_/A1 (sky130_fd_sc_hd__a21o_1)
                  0.03    0.11    2.70 v _095_/X (sky130_fd_sc_hd__a21o_1)
     2    0.00                           _028_ (net)
                  0.03    0.00    2.70 v _107_/A1 (sky130_fd_sc_hd__a21o_1)
                  0.03    0.11    2.81 v _107_/X (sky130_fd_sc_hd__a21o_1)
     2    0.01                           _039_ (net)
                  0.03    0.00    2.81 v _111_/A (sky130_fd_sc_hd__and2_1)
                  0.06    0.13    2.94 v _111_/X (sky130_fd_sc_hd__and2_1)
     5    0.02                           _043_ (net)
                  0.06    0.00    2.94 v _132_/A1 (sky130_fd_sc_hd__o211ai_2)
                  0.11    0.14    3.08 ^ _132_/Y (sky130_fd_sc_hd__o211ai_2)
     2    0.01                           _062_ (net)
                  0.11    0.00    3.08 ^ _147_/B (sky130_fd_sc_hd__nand2_1)
                  0.04    0.05    3.13 v _147_/Y (sky130_fd_sc_hd__nand2_1)
     2    0.01                           _076_ (net)
                  0.04    0.00    3.13 v _149_/A2 (sky130_fd_sc_hd__o21a_1)
                  0.03    0.11    3.24 v _149_/X (sky130_fd_sc_hd__o21a_1)
     1    0.00                           _078_ (net)
                  0.03    0.00    3.24 v _153_/A2 (sky130_fd_sc_hd__a21o_1)
                  0.03    0.12    3.36 v _153_/X (sky130_fd_sc_hd__a21o_1)
     1    0.00                           net25 (net)
                  0.03    0.00    3.36 v output25/A (sky130_fd_sc_hd__clkbuf_4)
                  0.06    0.13    3.49 v output25/X (sky130_fd_sc_hd__clkbuf_4)
     1    0.03                           result[5] (net)
                  0.06    0.00    3.49 v result[5] (out)
                                  3.49   data arrival time

                  0.00   10.00   10.00   clock clk (rise edge)
                          0.00   10.00   clock network delay (ideal)
                         -0.25    9.75   clock uncertainty
                          0.00    9.75   clock reconvergence pessimism
                         -2.00    7.75   output external delay
                                  7.75   data required time
-----------------------------------------------------------------------------
                                  7.75   data required time
                                 -3.49   data arrival time
-----------------------------------------------------------------------------
                                  4.26   slack (MET)


Startpoint: op[0] (input port clocked by clk)
Endpoint: result[4] (output port clocked by clk)
Path Group: clk
Path Type: max
Corner: Fastest

Fanout     Cap    Slew   Delay    Time   Description
-----------------------------------------------------------------------------
                  0.00    0.00    0.00   clock clk (rise edge)
                          0.00    0.00   clock network delay (ideal)
                          2.00    2.00 ^ input external delay
                  0.02    0.01    2.01 ^ op[0] (in)
     1    0.00                           op[0] (net)
                  0.02    0.00    2.01 ^ input17/A (sky130_fd_sc_hd__clkbuf_2)
                  0.10    0.11    2.12 ^ input17/X (sky130_fd_sc_hd__clkbuf_2)
     6    0.02                           net17 (net)
                  0.10    0.00    2.12 ^ _090_/C_N (sky130_fd_sc_hd__or3b_1)
                  0.04    0.20    2.33 v _090_/X (sky130_fd_sc_hd__or3b_1)
     1    0.00                           _023_ (net)
                  0.04    0.00    2.33 v _091_/A (sky130_fd_sc_hd__buf_2)
                  0.05    0.12    2.45 v _091_/X (sky130_fd_sc_hd__buf_2)
     8    0.03                           _024_ (net)
                  0.05    0.00    2.45 v _092_/A2 (sky130_fd_sc_hd__a21bo_1)
                  0.03    0.14    2.59 v _092_/X (sky130_fd_sc_hd__a21bo_1)
     2    0.01                           _025_ (net)
                  0.03    0.00    2.59 v _095_/A1 (sky130_fd_sc_hd__a21o_1)
                  0.03    0.11    2.70 v _095_/X (sky130_fd_sc_hd__a21o_1)
     2    0.00                           _028_ (net)
                  0.03    0.00    2.70 v _107_/A1 (sky130_fd_sc_hd__a21o_1)
                  0.03    0.11    2.81 v _107_/X (sky130_fd_sc_hd__a21o_1)
     2    0.01                           _039_ (net)
                  0.03    0.00    2.81 v _111_/A (sky130_fd_sc_hd__and2_1)
                  0.06    0.13    2.94 v _111_/X (sky130_fd_sc_hd__and2_1)
     5    0.02                           _043_ (net)
                  0.06    0.00    2.94 v _133_/A1 (sky130_fd_sc_hd__o21a_1)
                  0.02    0.12    3.06 v _133_/X (sky130_fd_sc_hd__o21a_1)
     1    0.00                           _063_ (net)
                  0.02    0.00    3.06 v _134_/B (sky130_fd_sc_hd__or2_1)
                  0.03    0.12    3.19 v _134_/X (sky130_fd_sc_hd__or2_1)
     1    0.00                           _064_ (net)
                  0.03    0.00    3.19 v _138_/A3 (sky130_fd_sc_hd__a31o_1)
                  0.04    0.15    3.34 v _138_/X (sky130_fd_sc_hd__a31o_1)
     1    0.01                           net24 (net)
                  0.04    0.00    3.34 v output24/A (sky130_fd_sc_hd__clkbuf_4)
                  0.06    0.13    3.47 v output24/X (sky130_fd_sc_hd__clkbuf_4)
     1    0.03                           result[4] (net)
                  0.06    0.00    3.47 v result[4] (out)
                                  3.47   data arrival time

                  0.00   10.00   10.00   clock clk (rise edge)
                          0.00   10.00   clock network delay (ideal)
                         -0.25    9.75   clock uncertainty
                          0.00    9.75   clock reconvergence pessimism
                         -2.00    7.75   output external delay
                                  7.75   data required time
-----------------------------------------------------------------------------
                                  7.75   data required time
                                 -3.47   data arrival time
-----------------------------------------------------------------------------
                                  4.28   slack (MET)


Startpoint: op[0] (input port clocked by clk)
Endpoint: result[3] (output port clocked by clk)
Path Group: clk
Path Type: max
Corner: Fastest

Fanout     Cap    Slew   Delay    Time   Description
-----------------------------------------------------------------------------
                  0.00    0.00    0.00   clock clk (rise edge)
                          0.00    0.00   clock network delay (ideal)
                          2.00    2.00 ^ input external delay
                  0.02    0.01    2.01 ^ op[0] (in)
     1    0.00                           op[0] (net)
                  0.02    0.00    2.01 ^ input17/A (sky130_fd_sc_hd__clkbuf_2)
                  0.10    0.11    2.12 ^ input17/X (sky130_fd_sc_hd__clkbuf_2)
     6    0.02                           net17 (net)
                  0.10    0.00    2.12 ^ _090_/C_N (sky130_fd_sc_hd__or3b_1)
                  0.04    0.20    2.33 v _090_/X (sky130_fd_sc_hd__or3b_1)
     1    0.00                           _023_ (net)
                  0.04    0.00    2.33 v _091_/A (sky130_fd_sc_hd__buf_2)
                  0.05    0.12    2.45 v _091_/X (sky130_fd_sc_hd__buf_2)
     8    0.03                           _024_ (net)
                  0.05    0.00    2.45 v _108_/B1 (sky130_fd_sc_hd__o21a_1)
                  0.05    0.10    2.55 v _108_/X (sky130_fd_sc_hd__o21a_1)
     2    0.01                           _040_ (net)
                  0.05    0.00    2.55 v _117_/B1 (sky130_fd_sc_hd__a21o_1)
                  0.03    0.09    2.63 v _117_/X (sky130_fd_sc_hd__a21o_1)
     1    0.00                           _048_ (net)
                  0.03    0.00    2.63 v _118_/B (sky130_fd_sc_hd__xnor2_1)
                  0.06    0.10    2.73 v _118_/Y (sky130_fd_sc_hd__xnor2_1)
     3    0.01                           _049_ (net)
                  0.06    0.00    2.73 v _120_/B (sky130_fd_sc_hd__or2_1)
                  0.07    0.18    2.91 v _120_/X (sky130_fd_sc_hd__or2_1)
     4    0.01                           _051_ (net)
                  0.07    0.00    2.91 v _121_/B (sky130_fd_sc_hd__and2_1)
                  0.03    0.12    3.03 v _121_/X (sky130_fd_sc_hd__and2_1)
     2    0.01                           _052_ (net)
                  0.03    0.00    3.03 v _123_/A1 (sky130_fd_sc_hd__o21ai_1)
                  0.08    0.10    3.13 ^ _123_/Y (sky130_fd_sc_hd__o21ai_1)
     1    0.00                           _054_ (net)
                  0.08    0.00    3.13 ^ _124_/B1 (sky130_fd_sc_hd__a21oi_1)
                  0.03    0.03    3.15 v _124_/Y (sky130_fd_sc_hd__a21oi_1)
     1    0.00                           _055_ (net)
                  0.03    0.00    3.15 v _127_/B1 (sky130_fd_sc_hd__a311o_1)
                  0.05    0.13    3.28 v _127_/X (sky130_fd_sc_hd__a311o_1)
     1    0.00                           net23 (net)
                  0.05    0.00    3.28 v output23/A (sky130_fd_sc_hd__clkbuf_4)
                  0.06    0.14    3.42 v output23/X (sky130_fd_sc_hd__clkbuf_4)
     1    0.03                           result[3] (net)
                  0.06    0.00    3.42 v result[3] (out)
                                  3.42   data arrival time

                  0.00   10.00   10.00   clock clk (rise edge)
                          0.00   10.00   clock network delay (ideal)
                         -0.25    9.75   clock uncertainty
                          0.00    9.75   clock reconvergence pessimism
                         -2.00    7.75   output external delay
                                  7.75   data required time
-----------------------------------------------------------------------------
                                  7.75   data required time
                                 -3.42   data arrival time
-----------------------------------------------------------------------------
                                  4.33   slack (MET)


Startpoint: op[0] (input port clocked by clk)
Endpoint: result[2] (output port clocked by clk)
Path Group: clk
Path Type: max
Corner: Fastest

Fanout     Cap    Slew   Delay    Time   Description
-----------------------------------------------------------------------------
                  0.00    0.00    0.00   clock clk (rise edge)
                          0.00    0.00   clock network delay (ideal)
                          2.00    2.00 ^ input external delay
                  0.02    0.01    2.01 ^ op[0] (in)
     1    0.00                           op[0] (net)
                  0.02    0.00    2.01 ^ input17/A (sky130_fd_sc_hd__clkbuf_2)
                  0.10    0.11    2.12 ^ input17/X (sky130_fd_sc_hd__clkbuf_2)
     6    0.02                           net17 (net)
                  0.10    0.00    2.12 ^ _090_/C_N (sky130_fd_sc_hd__or3b_1)
                  0.04    0.20    2.33 v _090_/X (sky130_fd_sc_hd__or3b_1)
     1    0.00                           _023_ (net)
                  0.04    0.00    2.33 v _091_/A (sky130_fd_sc_hd__buf_2)
                  0.05    0.12    2.45 v _091_/X (sky130_fd_sc_hd__buf_2)
     8    0.03                           _024_ (net)
                  0.05    0.00    2.45 v _108_/B1 (sky130_fd_sc_hd__o21a_1)
                  0.05    0.10    2.55 v _108_/X (sky130_fd_sc_hd__o21a_1)
     2    0.01                           _040_ (net)
                  0.05    0.00    2.55 v _109_/B (sky130_fd_sc_hd__xnor2_2)
                  0.15    0.14    2.69 ^ _109_/Y (sky130_fd_sc_hd__xnor2_2)
     3    0.01                           _041_ (net)
                  0.15    0.00    2.69 ^ _110_/B (sky130_fd_sc_hd__xor2_1)
                  0.11    0.12    2.81 ^ _110_/X (sky130_fd_sc_hd__xor2_1)
     2    0.01                           _042_ (net)
                  0.11    0.00    2.81 ^ _111_/B (sky130_fd_sc_hd__and2_1)
                  0.14    0.17    2.98 ^ _111_/X (sky130_fd_sc_hd__and2_1)
     5    0.02                           _043_ (net)
                  0.14    0.00    2.98 ^ _113_/A (sky130_fd_sc_hd__nor2_1)
                  0.04    0.04    3.02 v _113_/Y (sky130_fd_sc_hd__nor2_1)
     1    0.00                           _045_ (net)
                  0.04    0.00    3.02 v _116_/B1 (sky130_fd_sc_hd__a311o_1)
                  0.04    0.12    3.15 v _116_/X (sky130_fd_sc_hd__a311o_1)
     1    0.00                           net22 (net)
                  0.04    0.00    3.15 v output22/A (sky130_fd_sc_hd__clkbuf_4)
                  0.06    0.13    3.28 v output22/X (sky130_fd_sc_hd__clkbuf_4)
     1    0.03                           result[2] (net)
                  0.06    0.00    3.28 v result[2] (out)
                                  3.28   data arrival time

                  0.00   10.00   10.00   clock clk (rise edge)
                          0.00   10.00   clock network delay (ideal)
                         -0.25    9.75   clock uncertainty
                          0.00    9.75   clock reconvergence pessimism
                         -2.00    7.75   output external delay
                                  7.75   data required time
-----------------------------------------------------------------------------
                                  7.75   data required time
                                 -3.28   data arrival time
-----------------------------------------------------------------------------
                                  4.47   slack (MET)


Startpoint: op[0] (input port clocked by clk)
Endpoint: result[1] (output port clocked by clk)
Path Group: clk
Path Type: max
Corner: Fastest

Fanout     Cap    Slew   Delay    Time   Description
-----------------------------------------------------------------------------
                  0.00    0.00    0.00   clock clk (rise edge)
                          0.00    0.00   clock network delay (ideal)
                          2.00    2.00 ^ input external delay
                  0.02    0.01    2.01 ^ op[0] (in)
     1    0.00                           op[0] (net)
                  0.02    0.00    2.01 ^ input17/A (sky130_fd_sc_hd__clkbuf_2)
                  0.10    0.11    2.12 ^ input17/X (sky130_fd_sc_hd__clkbuf_2)
     6    0.02                           net17 (net)
                  0.10    0.00    2.12 ^ _090_/C_N (sky130_fd_sc_hd__or3b_1)
                  0.04    0.20    2.33 v _090_/X (sky130_fd_sc_hd__or3b_1)
     1    0.00                           _023_ (net)
                  0.04    0.00    2.33 v _091_/A (sky130_fd_sc_hd__buf_2)
                  0.05    0.12    2.45 v _091_/X (sky130_fd_sc_hd__buf_2)
     8    0.03                           _024_ (net)
                  0.05    0.00    2.45 v _092_/A2 (sky130_fd_sc_hd__a21bo_1)
                  0.03    0.14    2.59 v _092_/X (sky130_fd_sc_hd__a21bo_1)
     2    0.01                           _025_ (net)
                  0.03    0.00    2.59 v _094_/B (sky130_fd_sc_hd__and3_1)
                  0.03    0.11    2.71 v _094_/X (sky130_fd_sc_hd__and3_1)
     2    0.00                           _027_ (net)
                  0.03    0.00    2.71 v _096_/A (sky130_fd_sc_hd__or2b_1)
                  0.04    0.14    2.85 v _096_/X (sky130_fd_sc_hd__or2b_1)
     1    0.00                           _029_ (net)
                  0.04    0.00    2.85 v _098_/A (sky130_fd_sc_hd__xnor2_1)
                  0.03    0.09    2.94 v _098_/Y (sky130_fd_sc_hd__xnor2_1)
     1    0.00                           _031_ (net)
                  0.03    0.00    2.94 v _106_/A2 (sky130_fd_sc_hd__a21o_1)
                  0.02    0.11    3.05 v _106_/X (sky130_fd_sc_hd__a21o_1)
     1    0.00                           net21 (net)
                  0.02    0.00    3.05 v output21/A (sky130_fd_sc_hd__clkbuf_4)
                  0.06    0.13    3.17 v output21/X (sky130_fd_sc_hd__clkbuf_4)
     1    0.03                           result[1] (net)
                  0.06    0.00    3.18 v result[1] (out)
                                  3.18   data arrival time

                  0.00   10.00   10.00   clock clk (rise edge)
                          0.00   10.00   clock network delay (ideal)
                         -0.25    9.75   clock uncertainty
                          0.00    9.75   clock reconvergence pessimism
                         -2.00    7.75   output external delay
                                  7.75   data required time
-----------------------------------------------------------------------------
                                  7.75   data required time
                                 -3.18   data arrival time
-----------------------------------------------------------------------------
                                  4.57   slack (MET)


Startpoint: op[1] (input port clocked by clk)
Endpoint: result[0] (output port clocked by clk)
Path Group: clk
Path Type: max
Corner: Fastest

Fanout     Cap    Slew   Delay    Time   Description
-----------------------------------------------------------------------------
                  0.00    0.00    0.00   clock clk (rise edge)
                          0.00    0.00   clock network delay (ideal)
                          2.00    2.00 ^ input external delay
                  0.01    0.01    2.01 ^ op[1] (in)
     1    0.00                           op[1] (net)
                  0.01    0.00    2.01 ^ input18/A (sky130_fd_sc_hd__clkbuf_2)
                  0.08    0.10    2.11 ^ input18/X (sky130_fd_sc_hd__clkbuf_2)
     6    0.02                           net18 (net)
                  0.08    0.00    2.11 ^ _085_/B_N (sky130_fd_sc_hd__or2b_1)
                  0.05    0.16    2.27 v _085_/X (sky130_fd_sc_hd__or2b_1)
     2    0.01                           _019_ (net)
                  0.05    0.00    2.27 v _087_/A2 (sky130_fd_sc_hd__o21ai_1)
                  0.07    0.09    2.36 ^ _087_/Y (sky130_fd_sc_hd__o21ai_1)
     1    0.00                           _021_ (net)
                  0.07    0.00    2.36 ^ _088_/B1 (sky130_fd_sc_hd__o21a_1)
                  0.03    0.06    2.43 ^ _088_/X (sky130_fd_sc_hd__o21a_1)
     1    0.00                           net20 (net)
                  0.03    0.00    2.43 ^ output20/A (sky130_fd_sc_hd__clkbuf_4)
                  0.08    0.13    2.56 ^ output20/X (sky130_fd_sc_hd__clkbuf_4)
     1    0.03                           result[0] (net)
                  0.08    0.00    2.56 ^ result[0] (out)
                                  2.56   data arrival time

                  0.00   10.00   10.00   clock clk (rise edge)
                          0.00   10.00   clock network delay (ideal)
                         -0.25    9.75   clock uncertainty
                          0.00    9.75   clock reconvergence pessimism
                         -2.00    7.75   output external delay
                                  7.75   data required time
-----------------------------------------------------------------------------
                                  7.75   data required time
                                 -2.56   data arrival time
-----------------------------------------------------------------------------
                                  5.19   slack (MET)



======================= Slowest Corner ===================================

Startpoint: op[2] (input port clocked by clk)
Endpoint: result[7] (output port clocked by clk)
Path Group: clk
Path Type: max
Corner: Slowest

Fanout     Cap    Slew   Delay    Time   Description
-----------------------------------------------------------------------------
                  0.00    0.00    0.00   clock clk (rise edge)
                          0.00    0.00   clock network delay (ideal)
                          2.00    2.00 v input external delay
                  0.02    0.01    2.01 v op[2] (in)
     1    0.00                           op[2] (net)
                  0.02    0.00    2.01 v input19/A (sky130_fd_sc_hd__clkbuf_2)
                  0.14    0.25    2.26 v input19/X (sky130_fd_sc_hd__clkbuf_2)
     6    0.02                           net19 (net)
                  0.14    0.00    2.27 v _090_/A (sky130_fd_sc_hd__or3b_1)
                  0.14    0.91    3.18 v _090_/X (sky130_fd_sc_hd__or3b_1)
     1    0.00                           _023_ (net)
                  0.14    0.00    3.18 v _091_/A (sky130_fd_sc_hd__buf_2)
                  0.14    0.37    3.55 v _091_/X (sky130_fd_sc_hd__buf_2)
     8    0.03                           _024_ (net)
                  0.14    0.00    3.55 v _092_/A2 (sky130_fd_sc_hd__a21bo_1)
                  0.08    0.41    3.96 v _092_/X (sky130_fd_sc_hd__a21bo_1)
     2    0.01                           _025_ (net)
                  0.08    0.00    3.96 v _094_/B (sky130_fd_sc_hd__and3_1)
                  0.09    0.37    4.34 v _094_/X (sky130_fd_sc_hd__and3_1)
     2    0.00                           _027_ (net)
                  0.09    0.00    4.34 v _107_/B1 (sky130_fd_sc_hd__a21o_1)
                  0.08    0.32    4.66 v _107_/X (sky130_fd_sc_hd__a21o_1)
     2    0.01                           _039_ (net)
                  0.08    0.00    4.66 v _111_/A (sky130_fd_sc_hd__and2_1)
                  0.18    0.41    5.06 v _111_/X (sky130_fd_sc_hd__and2_1)
     5    0.02                           _043_ (net)
                  0.18    0.00    5.06 v _157_/A1 (sky130_fd_sc_hd__o211a_1)
                  0.09    0.50    5.56 v _157_/X (sky130_fd_sc_hd__o211a_1)
     2    0.01                           _001_ (net)
                  0.09    0.00    5.56 v _166_/A1 (sky130_fd_sc_hd__o211a_1)
                  0.10    0.47    6.03 v _166_/X (sky130_fd_sc_hd__o211a_1)
     2    0.01                           _009_ (net)
                  0.10    0.00    6.03 v _171_/B (sky130_fd_sc_hd__or3_1)
                  0.14    0.84    6.87 v _171_/X (sky130_fd_sc_hd__or3_1)
     1    0.00                           _014_ (net)
                  0.14    0.00    6.87 v _175_/A3 (sky130_fd_sc_hd__a31o_1)
                  0.06    0.43    7.30 v _175_/X (sky130_fd_sc_hd__a31o_1)
     1    0.00                           net27 (net)
                  0.06    0.00    7.30 v output27/A (sky130_fd_sc_hd__buf_2)
                  0.17    0.36    7.66 v output27/X (sky130_fd_sc_hd__buf_2)
     1    0.03                           result[7] (net)
                  0.17    0.00    7.66 v result[7] (out)
                                  7.66   data arrival time

                  0.00   10.00   10.00   clock clk (rise edge)
                          0.00   10.00   clock network delay (ideal)
                         -0.25    9.75   clock uncertainty
                          0.00    9.75   clock reconvergence pessimism
                         -2.00    7.75   output external delay
                                  7.75   data required time
-----------------------------------------------------------------------------
                                  7.75   data required time
                                 -7.66   data arrival time
-----------------------------------------------------------------------------
                                  0.09   slack (MET)


Startpoint: op[2] (input port clocked by clk)
Endpoint: result[3] (output port clocked by clk)
Path Group: clk
Path Type: max
Corner: Slowest

Fanout     Cap    Slew   Delay    Time   Description
-----------------------------------------------------------------------------
                  0.00    0.00    0.00   clock clk (rise edge)
                          0.00    0.00   clock network delay (ideal)
                          2.00    2.00 v input external delay
                  0.02    0.01    2.01 v op[2] (in)
     1    0.00                           op[2] (net)
                  0.02    0.00    2.01 v input19/A (sky130_fd_sc_hd__clkbuf_2)
                  0.14    0.25    2.26 v input19/X (sky130_fd_sc_hd__clkbuf_2)
     6    0.02                           net19 (net)
                  0.14    0.00    2.27 v _090_/A (sky130_fd_sc_hd__or3b_1)
                  0.14    0.91    3.18 v _090_/X (sky130_fd_sc_hd__or3b_1)
     1    0.00                           _023_ (net)
                  0.14    0.00    3.18 v _091_/A (sky130_fd_sc_hd__buf_2)
                  0.14    0.37    3.55 v _091_/X (sky130_fd_sc_hd__buf_2)
     8    0.03                           _024_ (net)
                  0.14    0.00    3.55 v _108_/B1 (sky130_fd_sc_hd__o21a_1)
                  0.14    0.31    3.86 v _108_/X (sky130_fd_sc_hd__o21a_1)
     2    0.01                           _040_ (net)
                  0.14    0.00    3.86 v _117_/B1 (sky130_fd_sc_hd__a21o_1)
                  0.08    0.34    4.20 v _117_/X (sky130_fd_sc_hd__a21o_1)
     1    0.00                           _048_ (net)
                  0.08    0.00    4.20 v _118_/B (sky130_fd_sc_hd__xnor2_1)
                  0.17    0.28    4.48 v _118_/Y (sky130_fd_sc_hd__xnor2_1)
     3    0.01                           _049_ (net)
                  0.17    0.00    4.48 v _120_/B (sky130_fd_sc_hd__or2_1)
                  0.19    0.65    5.13 v _120_/X (sky130_fd_sc_hd__or2_1)
     4    0.01                           _051_ (net)
                  0.19    0.00    5.13 v _121_/B (sky130_fd_sc_hd__and2_1)
                  0.09    0.42    5.54 v _121_/X (sky130_fd_sc_hd__and2_1)
     2    0.01                           _052_ (net)
                  0.09    0.00    5.54 v _123_/A1 (sky130_fd_sc_hd__o21ai_1)
                  0.19    0.25    5.79 ^ _123_/Y (sky130_fd_sc_hd__o21ai_1)
     1    0.00                           _054_ (net)
                  0.19    0.00    5.79 ^ _124_/B1 (sky130_fd_sc_hd__a21oi_1)
                  0.09    0.12    5.91 v _124_/Y (sky130_fd_sc_hd__a21oi_1)
     1    0.00                           _055_ (net)
                  0.09    0.00    5.91 v _127_/B1 (sky130_fd_sc_hd__a311o_1)
                  0.11    0.65    6.56 v _127_/X (sky130_fd_sc_hd__a311o_1)
     1    0.00                           net23 (net)
                  0.11    0.00    6.56 v output23/A (sky130_fd_sc_hd__clkbuf_4)
                  0.14    0.36    6.93 v output23/X (sky130_fd_sc_hd__clkbuf_4)
     1    0.03                           result[3] (net)
                  0.14    0.00    6.93 v result[3] (out)
                                  6.93   data arrival time

                  0.00   10.00   10.00   clock clk (rise edge)
                          0.00   10.00   clock network delay (ideal)
                         -0.25    9.75   clock uncertainty
                          0.00    9.75   clock reconvergence pessimism
                         -2.00    7.75   output external delay
                                  7.75   data required time
-----------------------------------------------------------------------------
                                  7.75   data required time
                                 -6.93   data arrival time
-----------------------------------------------------------------------------
                                  0.82   slack (MET)


Startpoint: op[2] (input port clocked by clk)
Endpoint: result[6] (output port clocked by clk)
Path Group: clk
Path Type: max
Corner: Slowest

Fanout     Cap    Slew   Delay    Time   Description
-----------------------------------------------------------------------------
                  0.00    0.00    0.00   clock clk (rise edge)
                          0.00    0.00   clock network delay (ideal)
                          2.00    2.00 v input external delay
                  0.02    0.01    2.01 v op[2] (in)
     1    0.00                           op[2] (net)
                  0.02    0.00    2.01 v input19/A (sky130_fd_sc_hd__clkbuf_2)
                  0.14    0.25    2.26 v input19/X (sky130_fd_sc_hd__clkbuf_2)
     6    0.02                           net19 (net)
                  0.14    0.00    2.27 v _090_/A (sky130_fd_sc_hd__or3b_1)
                  0.14    0.91    3.18 v _090_/X (sky130_fd_sc_hd__or3b_1)
     1    0.00                           _023_ (net)
                  0.14    0.00    3.18 v _091_/A (sky130_fd_sc_hd__buf_2)
                  0.14    0.37    3.55 v _091_/X (sky130_fd_sc_hd__buf_2)
     8    0.03                           _024_ (net)
                  0.14    0.00    3.55 v _092_/A2 (sky130_fd_sc_hd__a21bo_1)
                  0.08    0.41    3.96 v _092_/X (sky130_fd_sc_hd__a21bo_1)
     2    0.01                           _025_ (net)
                  0.08    0.00    3.96 v _094_/B (sky130_fd_sc_hd__and3_1)
                  0.09    0.37    4.34 v _094_/X (sky130_fd_sc_hd__and3_1)
     2    0.00                           _027_ (net)
                  0.09    0.00    4.34 v _107_/B1 (sky130_fd_sc_hd__a21o_1)
                  0.08    0.32    4.66 v _107_/X (sky130_fd_sc_hd__a21o_1)
     2    0.01                           _039_ (net)
                  0.08    0.00    4.66 v _111_/A (sky130_fd_sc_hd__and2_1)
                  0.18    0.41    5.06 v _111_/X (sky130_fd_sc_hd__and2_1)
     5    0.02                           _043_ (net)
                  0.18    0.00    5.06 v _157_/A1 (sky130_fd_sc_hd__o211a_1)
                  0.09    0.50    5.56 v _157_/X (sky130_fd_sc_hd__o211a_1)
     2    0.01                           _001_ (net)
                  0.09    0.00    5.56 v _159_/A1 (sky130_fd_sc_hd__o21ai_1)
                  0.24    0.29    5.85 ^ _159_/Y (sky130_fd_sc_hd__o21ai_1)
     1    0.01                           _003_ (net)
                  0.24    0.00    5.85 ^ _160_/B (sky130_fd_sc_hd__xnor2_1)
                  0.20    0.27    6.12 ^ _160_/Y (sky130_fd_sc_hd__xnor2_1)
     1    0.00                           _004_ (net)
                  0.20    0.00    6.12 ^ _164_/A2 (sky130_fd_sc_hd__a21o_1)
                  0.12    0.32    6.44 ^ _164_/X (sky130_fd_sc_hd__a21o_1)
     1    0.01                           net26 (net)
                  0.12    0.00    6.44 ^ output26/A (sky130_fd_sc_hd__clkbuf_4)
                  0.19    0.38    6.82 ^ output26/X (sky130_fd_sc_hd__clkbuf_4)
     1    0.04                           result[6] (net)
                  0.19    0.00    6.82 ^ result[6] (out)
                                  6.82   data arrival time

                  0.00   10.00   10.00   clock clk (rise edge)
                          0.00   10.00   clock network delay (ideal)
                         -0.25    9.75   clock uncertainty
                          0.00    9.75   clock reconvergence pessimism
                         -2.00    7.75   output external delay
                                  7.75   data required time
-----------------------------------------------------------------------------
                                  7.75   data required time
                                 -6.82   data arrival time
-----------------------------------------------------------------------------
                                  0.93   slack (MET)


Startpoint: op[2] (input port clocked by clk)
Endpoint: result[4] (output port clocked by clk)
Path Group: clk
Path Type: max
Corner: Slowest

Fanout     Cap    Slew   Delay    Time   Description
-----------------------------------------------------------------------------
                  0.00    0.00    0.00   clock clk (rise edge)
                          0.00    0.00   clock network delay (ideal)
                          2.00    2.00 v input external delay
                  0.02    0.01    2.01 v op[2] (in)
     1    0.00                           op[2] (net)
                  0.02    0.00    2.01 v input19/A (sky130_fd_sc_hd__clkbuf_2)
                  0.14    0.25    2.26 v input19/X (sky130_fd_sc_hd__clkbuf_2)
     6    0.02                           net19 (net)
                  0.14    0.00    2.27 v _090_/A (sky130_fd_sc_hd__or3b_1)
                  0.14    0.91    3.18 v _090_/X (sky130_fd_sc_hd__or3b_1)
     1    0.00                           _023_ (net)
                  0.14    0.00    3.18 v _091_/A (sky130_fd_sc_hd__buf_2)
                  0.14    0.37    3.55 v _091_/X (sky130_fd_sc_hd__buf_2)
     8    0.03                           _024_ (net)
                  0.14    0.00    3.55 v _092_/A2 (sky130_fd_sc_hd__a21bo_1)
                  0.08    0.41    3.96 v _092_/X (sky130_fd_sc_hd__a21bo_1)
     2    0.01                           _025_ (net)
                  0.08    0.00    3.96 v _094_/B (sky130_fd_sc_hd__and3_1)
                  0.09    0.37    4.34 v _094_/X (sky130_fd_sc_hd__and3_1)
     2    0.00                           _027_ (net)
                  0.09    0.00    4.34 v _107_/B1 (sky130_fd_sc_hd__a21o_1)
                  0.08    0.32    4.66 v _107_/X (sky130_fd_sc_hd__a21o_1)
     2    0.01                           _039_ (net)
                  0.08    0.00    4.66 v _111_/A (sky130_fd_sc_hd__and2_1)
                  0.18    0.41    5.06 v _111_/X (sky130_fd_sc_hd__and2_1)
     5    0.02                           _043_ (net)
                  0.18    0.00    5.06 v _133_/A1 (sky130_fd_sc_hd__o21a_1)
                  0.05    0.38    5.44 v _133_/X (sky130_fd_sc_hd__o21a_1)
     1    0.00                           _063_ (net)
                  0.05    0.00    5.44 v _134_/B (sky130_fd_sc_hd__or2_1)
                  0.10    0.48    5.92 v _134_/X (sky130_fd_sc_hd__or2_1)
     1    0.00                           _064_ (net)
                  0.10    0.00    5.92 v _138_/A3 (sky130_fd_sc_hd__a31o_1)
                  0.09    0.45    6.37 v _138_/X (sky130_fd_sc_hd__a31o_1)
     1    0.01                           net24 (net)
                  0.09    0.00    6.37 v output24/A (sky130_fd_sc_hd__clkbuf_4)
                  0.14    0.35    6.72 v output24/X (sky130_fd_sc_hd__clkbuf_4)
     1    0.03                           result[4] (net)
                  0.14    0.00    6.72 v result[4] (out)
                                  6.72   data arrival time

                  0.00   10.00   10.00   clock clk (rise edge)
                          0.00   10.00   clock network delay (ideal)
                         -0.25    9.75   clock uncertainty
                          0.00    9.75   clock reconvergence pessimism
                         -2.00    7.75   output external delay
                                  7.75   data required time
-----------------------------------------------------------------------------
                                  7.75   data required time
                                 -6.72   data arrival time
-----------------------------------------------------------------------------
                                  1.03   slack (MET)


Startpoint: op[2] (input port clocked by clk)
Endpoint: result[5] (output port clocked by clk)
Path Group: clk
Path Type: max
Corner: Slowest

Fanout     Cap    Slew   Delay    Time   Description
-----------------------------------------------------------------------------
                  0.00    0.00    0.00   clock clk (rise edge)
                          0.00    0.00   clock network delay (ideal)
                          2.00    2.00 v input external delay
                  0.02    0.01    2.01 v op[2] (in)
     1    0.00                           op[2] (net)
                  0.02    0.00    2.01 v input19/A (sky130_fd_sc_hd__clkbuf_2)
                  0.14    0.25    2.26 v input19/X (sky130_fd_sc_hd__clkbuf_2)
     6    0.02                           net19 (net)
                  0.14    0.00    2.27 v _090_/A (sky130_fd_sc_hd__or3b_1)
                  0.14    0.91    3.18 v _090_/X (sky130_fd_sc_hd__or3b_1)
     1    0.00                           _023_ (net)
                  0.14    0.00    3.18 v _091_/A (sky130_fd_sc_hd__buf_2)
                  0.14    0.37    3.55 v _091_/X (sky130_fd_sc_hd__buf_2)
     8    0.03                           _024_ (net)
                  0.14    0.00    3.55 v _092_/A2 (sky130_fd_sc_hd__a21bo_1)
                  0.08    0.41    3.96 v _092_/X (sky130_fd_sc_hd__a21bo_1)
     2    0.01                           _025_ (net)
                  0.08    0.00    3.96 v _094_/B (sky130_fd_sc_hd__and3_1)
                  0.09    0.37    4.34 v _094_/X (sky130_fd_sc_hd__and3_1)
     2    0.00                           _027_ (net)
                  0.09    0.00    4.34 v _107_/B1 (sky130_fd_sc_hd__a21o_1)
                  0.08    0.32    4.66 v _107_/X (sky130_fd_sc_hd__a21o_1)
     2    0.01                           _039_ (net)
                  0.08    0.00    4.66 v _111_/A (sky130_fd_sc_hd__and2_1)
                  0.18    0.41    5.06 v _111_/X (sky130_fd_sc_hd__and2_1)
     5    0.02                           _043_ (net)
                  0.18    0.00    5.06 v _132_/A1 (sky130_fd_sc_hd__o211ai_2)
                  0.23    0.35    5.41 ^ _132_/Y (sky130_fd_sc_hd__o211ai_2)
     2    0.01                           _062_ (net)
                  0.23    0.00    5.41 ^ _147_/B (sky130_fd_sc_hd__nand2_1)
                  0.11    0.21    5.62 v _147_/Y (sky130_fd_sc_hd__nand2_1)
     2    0.01                           _076_ (net)
                  0.11    0.00    5.62 v _149_/A2 (sky130_fd_sc_hd__o21a_1)
                  0.07    0.34    5.96 v _149_/X (sky130_fd_sc_hd__o21a_1)
     1    0.00                           _078_ (net)
                  0.07    0.00    5.96 v _153_/A2 (sky130_fd_sc_hd__a21o_1)
                  0.07    0.35    6.31 v _153_/X (sky130_fd_sc_hd__a21o_1)
     1    0.00                           net25 (net)
                  0.07    0.00    6.31 v output25/A (sky130_fd_sc_hd__clkbuf_4)
                  0.14    0.34    6.65 v output25/X (sky130_fd_sc_hd__clkbuf_4)
     1    0.03                           result[5] (net)
                  0.14    0.00    6.65 v result[5] (out)
                                  6.65   data arrival time

                  0.00   10.00   10.00   clock clk (rise edge)
                          0.00   10.00   clock network delay (ideal)
                         -0.25    9.75   clock uncertainty
                          0.00    9.75   clock reconvergence pessimism
                         -2.00    7.75   output external delay
                                  7.75   data required time
-----------------------------------------------------------------------------
                                  7.75   data required time
                                 -6.65   data arrival time
-----------------------------------------------------------------------------
                                  1.10   slack (MET)


Startpoint: op[2] (input port clocked by clk)
Endpoint: result[2] (output port clocked by clk)
Path Group: clk
Path Type: max
Corner: Slowest

Fanout     Cap    Slew   Delay    Time   Description
-----------------------------------------------------------------------------
                  0.00    0.00    0.00   clock clk (rise edge)
                          0.00    0.00   clock network delay (ideal)
                          2.00    2.00 v input external delay
                  0.02    0.01    2.01 v op[2] (in)
     1    0.00                           op[2] (net)
                  0.02    0.00    2.01 v input19/A (sky130_fd_sc_hd__clkbuf_2)
                  0.14    0.25    2.26 v input19/X (sky130_fd_sc_hd__clkbuf_2)
     6    0.02                           net19 (net)
                  0.14    0.00    2.27 v _090_/A (sky130_fd_sc_hd__or3b_1)
                  0.14    0.91    3.18 v _090_/X (sky130_fd_sc_hd__or3b_1)
     1    0.00                           _023_ (net)
                  0.14    0.00    3.18 v _091_/A (sky130_fd_sc_hd__buf_2)
                  0.14    0.37    3.55 v _091_/X (sky130_fd_sc_hd__buf_2)
     8    0.03                           _024_ (net)
                  0.14    0.00    3.55 v _108_/B1 (sky130_fd_sc_hd__o21a_1)
                  0.14    0.31    3.86 v _108_/X (sky130_fd_sc_hd__o21a_1)
     2    0.01                           _040_ (net)
                  0.14    0.00    3.86 v _109_/B (sky130_fd_sc_hd__xnor2_2)
                  0.31    0.34    4.20 ^ _109_/Y (sky130_fd_sc_hd__xnor2_2)
     3    0.01                           _041_ (net)
                  0.31    0.00    4.20 ^ _110_/B (sky130_fd_sc_hd__xor2_1)
                  0.26    0.40    4.60 ^ _110_/X (sky130_fd_sc_hd__xor2_1)
     2    0.01                           _042_ (net)
                  0.26    0.00    4.60 ^ _111_/B (sky130_fd_sc_hd__and2_1)
                  0.29    0.48    5.08 ^ _111_/X (sky130_fd_sc_hd__and2_1)
     5    0.02                           _043_ (net)
                  0.29    0.00    5.08 ^ _113_/A (sky130_fd_sc_hd__nor2_1)
                  0.08    0.17    5.26 v _113_/Y (sky130_fd_sc_hd__nor2_1)
     1    0.00                           _045_ (net)
                  0.08    0.00    5.26 v _116_/B1 (sky130_fd_sc_hd__a311o_1)
                  0.09    0.61    5.87 v _116_/X (sky130_fd_sc_hd__a311o_1)
     1    0.00                           net22 (net)
                  0.09    0.00    5.87 v output22/A (sky130_fd_sc_hd__clkbuf_4)
                  0.14    0.35    6.22 v output22/X (sky130_fd_sc_hd__clkbuf_4)
     1    0.03                           result[2] (net)
                  0.14    0.00    6.22 v result[2] (out)
                                  6.22   data arrival time

                  0.00   10.00   10.00   clock clk (rise edge)
                          0.00   10.00   clock network delay (ideal)
                         -0.25    9.75   clock uncertainty
                          0.00    9.75   clock reconvergence pessimism
                         -2.00    7.75   output external delay
                                  7.75   data required time
-----------------------------------------------------------------------------
                                  7.75   data required time
                                 -6.22   data arrival time
-----------------------------------------------------------------------------
                                  1.53   slack (MET)


Startpoint: op[2] (input port clocked by clk)
Endpoint: result[1] (output port clocked by clk)
Path Group: clk
Path Type: max
Corner: Slowest

Fanout     Cap    Slew   Delay    Time   Description
-----------------------------------------------------------------------------
                  0.00    0.00    0.00   clock clk (rise edge)
                          0.00    0.00   clock network delay (ideal)
                          2.00    2.00 v input external delay
                  0.02    0.01    2.01 v op[2] (in)
     1    0.00                           op[2] (net)
                  0.02    0.00    2.01 v input19/A (sky130_fd_sc_hd__clkbuf_2)
                  0.14    0.25    2.26 v input19/X (sky130_fd_sc_hd__clkbuf_2)
     6    0.02                           net19 (net)
                  0.14    0.00    2.27 v _090_/A (sky130_fd_sc_hd__or3b_1)
                  0.14    0.91    3.18 v _090_/X (sky130_fd_sc_hd__or3b_1)
     1    0.00                           _023_ (net)
                  0.14    0.00    3.18 v _091_/A (sky130_fd_sc_hd__buf_2)
                  0.14    0.37    3.55 v _091_/X (sky130_fd_sc_hd__buf_2)
     8    0.03                           _024_ (net)
                  0.14    0.00    3.55 v _092_/A2 (sky130_fd_sc_hd__a21bo_1)
                  0.08    0.41    3.96 v _092_/X (sky130_fd_sc_hd__a21bo_1)
     2    0.01                           _025_ (net)
                  0.08    0.00    3.96 v _094_/B (sky130_fd_sc_hd__and3_1)
                  0.09    0.37    4.34 v _094_/X (sky130_fd_sc_hd__and3_1)
     2    0.00                           _027_ (net)
                  0.09    0.00    4.34 v _096_/A (sky130_fd_sc_hd__or2b_1)
                  0.11    0.54    4.88 v _096_/X (sky130_fd_sc_hd__or2b_1)
     1    0.00                           _029_ (net)
                  0.11    0.00    4.88 v _098_/A (sky130_fd_sc_hd__xnor2_1)
                  0.10    0.25    5.13 v _098_/Y (sky130_fd_sc_hd__xnor2_1)
     1    0.00                           _031_ (net)
                  0.10    0.00    5.13 v _106_/A2 (sky130_fd_sc_hd__a21o_1)
                  0.06    0.34    5.46 v _106_/X (sky130_fd_sc_hd__a21o_1)
     1    0.00                           net21 (net)
                  0.06    0.00    5.46 v output21/A (sky130_fd_sc_hd__clkbuf_4)
                  0.14    0.34    5.80 v output21/X (sky130_fd_sc_hd__clkbuf_4)
     1    0.03                           result[1] (net)
                  0.14    0.00    5.80 v result[1] (out)
                                  5.80   data arrival time

                  0.00   10.00   10.00   clock clk (rise edge)
                          0.00   10.00   clock network delay (ideal)
                         -0.25    9.75   clock uncertainty
                          0.00    9.75   clock reconvergence pessimism
                         -2.00    7.75   output external delay
                                  7.75   data required time
-----------------------------------------------------------------------------
                                  7.75   data required time
                                 -5.80   data arrival time
-----------------------------------------------------------------------------
                                  1.95   slack (MET)


Startpoint: b[0] (input port clocked by clk)
Endpoint: result[0] (output port clocked by clk)
Path Group: clk
Path Type: max
Corner: Slowest

Fanout     Cap    Slew   Delay    Time   Description
-----------------------------------------------------------------------------
                  0.00    0.00    0.00   clock clk (rise edge)
                          0.00    0.00   clock network delay (ideal)
                          2.00    2.00 v input external delay
                  0.02    0.01    2.01 v b[0] (in)
     1    0.00                           b[0] (net)
                  0.02    0.00    2.01 v input9/A (sky130_fd_sc_hd__buf_2)
                  0.14    0.32    2.33 v input9/X (sky130_fd_sc_hd__buf_2)
     8    0.03                           net9 (net)
                  0.14    0.00    2.33 v _086_/A2 (sky130_fd_sc_hd__a221o_1)
                  0.09    0.68    3.01 v _086_/X (sky130_fd_sc_hd__a221o_1)
     1    0.00                           _020_ (net)
                  0.09    0.00    3.01 v _087_/B1 (sky130_fd_sc_hd__o21ai_1)
                  0.17    0.14    3.15 ^ _087_/Y (sky130_fd_sc_hd__o21ai_1)
     1    0.00                           _021_ (net)
                  0.17    0.00    3.15 ^ _088_/B1 (sky130_fd_sc_hd__o21a_1)
                  0.07    0.27    3.42 ^ _088_/X (sky130_fd_sc_hd__o21a_1)
     1    0.00                           net20 (net)
                  0.07    0.00    3.42 ^ output20/A (sky130_fd_sc_hd__clkbuf_4)
                  0.18    0.35    3.77 ^ output20/X (sky130_fd_sc_hd__clkbuf_4)
     1    0.03                           result[0] (net)
                  0.18    0.00    3.77 ^ result[0] (out)
                                  3.77   data arrival time

                  0.00   10.00   10.00   clock clk (rise edge)
                          0.00   10.00   clock network delay (ideal)
                         -0.25    9.75   clock uncertainty
                          0.00    9.75   clock reconvergence pessimism
                         -2.00    7.75   output external delay
                                  7.75   data required time
-----------------------------------------------------------------------------
                                  7.75   data required time
                                 -3.77   data arrival time
-----------------------------------------------------------------------------
                                  3.98   slack (MET)



======================= Typical Corner ===================================

Startpoint: op[0] (input port clocked by clk)
Endpoint: result[7] (output port clocked by clk)
Path Group: clk
Path Type: max
Corner: Typical

Fanout     Cap    Slew   Delay    Time   Description
-----------------------------------------------------------------------------
                  0.00    0.00    0.00   clock clk (rise edge)
                          0.00    0.00   clock network delay (ideal)
                          2.00    2.00 ^ input external delay
                  0.02    0.01    2.01 ^ op[0] (in)
     1    0.00                           op[0] (net)
                  0.02    0.00    2.01 ^ input17/A (sky130_fd_sc_hd__clkbuf_2)
                  0.12    0.16    2.18 ^ input17/X (sky130_fd_sc_hd__clkbuf_2)
     6    0.02                           net17 (net)
                  0.12    0.00    2.18 ^ _090_/C_N (sky130_fd_sc_hd__or3b_1)
                  0.06    0.37    2.54 v _090_/X (sky130_fd_sc_hd__or3b_1)
     1    0.00                           _023_ (net)
                  0.06    0.00    2.54 v _091_/A (sky130_fd_sc_hd__buf_2)
                  0.08    0.19    2.73 v _091_/X (sky130_fd_sc_hd__buf_2)
     8    0.03                           _024_ (net)
                  0.08    0.00    2.73 v _092_/A2 (sky130_fd_sc_hd__a21bo_1)
                  0.05    0.22    2.95 v _092_/X (sky130_fd_sc_hd__a21bo_1)
     2    0.01                           _025_ (net)
                  0.05    0.00    2.95 v _094_/B (sky130_fd_sc_hd__and3_1)
                  0.04    0.18    3.13 v _094_/X (sky130_fd_sc_hd__and3_1)
     2    0.00                           _027_ (net)
                  0.04    0.00    3.13 v _107_/B1 (sky130_fd_sc_hd__a21o_1)
                  0.04    0.17    3.30 v _107_/X (sky130_fd_sc_hd__a21o_1)
     2    0.01                           _039_ (net)
                  0.04    0.00    3.30 v _111_/A (sky130_fd_sc_hd__and2_1)
                  0.09    0.20    3.49 v _111_/X (sky130_fd_sc_hd__and2_1)
     5    0.02                           _043_ (net)
                  0.09    0.00    3.49 v _157_/A1 (sky130_fd_sc_hd__o211a_1)
                  0.05    0.26    3.75 v _157_/X (sky130_fd_sc_hd__o211a_1)
     2    0.01                           _001_ (net)
                  0.05    0.00    3.75 v _166_/A1 (sky130_fd_sc_hd__o211a_1)
                  0.05    0.25    4.00 v _166_/X (sky130_fd_sc_hd__o211a_1)
     2    0.01                           _009_ (net)
                  0.05    0.00    4.00 v _171_/B (sky130_fd_sc_hd__or3_1)
                  0.07    0.36    4.36 v _171_/X (sky130_fd_sc_hd__or3_1)
     1    0.00                           _014_ (net)
                  0.07    0.00    4.36 v _175_/A3 (sky130_fd_sc_hd__a31o_1)
                  0.03    0.22    4.59 v _175_/X (sky130_fd_sc_hd__a31o_1)
     1    0.00                           net27 (net)
                  0.03    0.00    4.59 v output27/A (sky130_fd_sc_hd__buf_2)
                  0.09    0.18    4.77 v output27/X (sky130_fd_sc_hd__buf_2)
     1    0.03                           result[7] (net)
                  0.09    0.00    4.77 v result[7] (out)
                                  4.77   data arrival time

                  0.00   10.00   10.00   clock clk (rise edge)
                          0.00   10.00   clock network delay (ideal)
                         -0.25    9.75   clock uncertainty
                          0.00    9.75   clock reconvergence pessimism
                         -2.00    7.75   output external delay
                                  7.75   data required time
-----------------------------------------------------------------------------
                                  7.75   data required time
                                 -4.77   data arrival time
-----------------------------------------------------------------------------
                                  2.98   slack (MET)


Startpoint: op[0] (input port clocked by clk)
Endpoint: result[3] (output port clocked by clk)
Path Group: clk
Path Type: max
Corner: Typical

Fanout     Cap    Slew   Delay    Time   Description
-----------------------------------------------------------------------------
                  0.00    0.00    0.00   clock clk (rise edge)
                          0.00    0.00   clock network delay (ideal)
                          2.00    2.00 ^ input external delay
                  0.02    0.01    2.01 ^ op[0] (in)
     1    0.00                           op[0] (net)
                  0.02    0.00    2.01 ^ input17/A (sky130_fd_sc_hd__clkbuf_2)
                  0.12    0.16    2.18 ^ input17/X (sky130_fd_sc_hd__clkbuf_2)
     6    0.02                           net17 (net)
                  0.12    0.00    2.18 ^ _090_/C_N (sky130_fd_sc_hd__or3b_1)
                  0.06    0.37    2.54 v _090_/X (sky130_fd_sc_hd__or3b_1)
     1    0.00                           _023_ (net)
                  0.06    0.00    2.54 v _091_/A (sky130_fd_sc_hd__buf_2)
                  0.08    0.19    2.73 v _091_/X (sky130_fd_sc_hd__buf_2)
     8    0.03                           _024_ (net)
                  0.08    0.00    2.73 v _108_/B1 (sky130_fd_sc_hd__o21a_1)
                  0.07    0.16    2.89 v _108_/X (sky130_fd_sc_hd__o21a_1)
     2    0.01                           _040_ (net)
                  0.07    0.00    2.89 v _117_/B1 (sky130_fd_sc_hd__a21o_1)
                  0.04    0.18    3.06 v _117_/X (sky130_fd_sc_hd__a21o_1)
     1    0.00                           _048_ (net)
                  0.04    0.00    3.06 v _118_/B (sky130_fd_sc_hd__xnor2_1)
                  0.08    0.15    3.22 v _118_/Y (sky130_fd_sc_hd__xnor2_1)
     3    0.01                           _049_ (net)
                  0.08    0.00    3.22 v _120_/B (sky130_fd_sc_hd__or2_1)
                  0.10    0.29    3.51 v _120_/X (sky130_fd_sc_hd__or2_1)
     4    0.01                           _051_ (net)
                  0.10    0.00    3.51 v _121_/B (sky130_fd_sc_hd__and2_1)
                  0.04    0.19    3.70 v _121_/X (sky130_fd_sc_hd__and2_1)
     2    0.01                           _052_ (net)
                  0.04    0.00    3.70 v _123_/A1 (sky130_fd_sc_hd__o21ai_1)
                  0.11    0.14    3.84 ^ _123_/Y (sky130_fd_sc_hd__o21ai_1)
     1    0.00                           _054_ (net)
                  0.11    0.00    3.84 ^ _124_/B1 (sky130_fd_sc_hd__a21oi_1)
                  0.04    0.06    3.90 v _124_/Y (sky130_fd_sc_hd__a21oi_1)
     1    0.00                           _055_ (net)
                  0.04    0.00    3.90 v _127_/B1 (sky130_fd_sc_hd__a311o_1)
                  0.06    0.34    4.24 v _127_/X (sky130_fd_sc_hd__a311o_1)
     1    0.00                           net23 (net)
                  0.06    0.00    4.24 v output23/A (sky130_fd_sc_hd__clkbuf_4)
                  0.08    0.20    4.44 v output23/X (sky130_fd_sc_hd__clkbuf_4)
     1    0.03                           result[3] (net)
                  0.08    0.00    4.44 v result[3] (out)
                                  4.44   data arrival time

                  0.00   10.00   10.00   clock clk (rise edge)
                          0.00   10.00   clock network delay (ideal)
                         -0.25    9.75   clock uncertainty
                          0.00    9.75   clock reconvergence pessimism
                         -2.00    7.75   output external delay
                                  7.75   data required time
-----------------------------------------------------------------------------
                                  7.75   data required time
                                 -4.44   data arrival time
-----------------------------------------------------------------------------
                                  3.31   slack (MET)


Startpoint: op[0] (input port clocked by clk)
Endpoint: result[6] (output port clocked by clk)
Path Group: clk
Path Type: max
Corner: Typical

Fanout     Cap    Slew   Delay    Time   Description
-----------------------------------------------------------------------------
                  0.00    0.00    0.00   clock clk (rise edge)
                          0.00    0.00   clock network delay (ideal)
                          2.00    2.00 ^ input external delay
                  0.02    0.01    2.01 ^ op[0] (in)
     1    0.00                           op[0] (net)
                  0.02    0.00    2.01 ^ input17/A (sky130_fd_sc_hd__clkbuf_2)
                  0.12    0.16    2.18 ^ input17/X (sky130_fd_sc_hd__clkbuf_2)
     6    0.02                           net17 (net)
                  0.12    0.00    2.18 ^ _090_/C_N (sky130_fd_sc_hd__or3b_1)
                  0.06    0.37    2.54 v _090_/X (sky130_fd_sc_hd__or3b_1)
     1    0.00                           _023_ (net)
                  0.06    0.00    2.54 v _091_/A (sky130_fd_sc_hd__buf_2)
                  0.08    0.19    2.73 v _091_/X (sky130_fd_sc_hd__buf_2)
     8    0.03                           _024_ (net)
                  0.08    0.00    2.73 v _092_/A2 (sky130_fd_sc_hd__a21bo_1)
                  0.05    0.22    2.95 v _092_/X (sky130_fd_sc_hd__a21bo_1)
     2    0.01                           _025_ (net)
                  0.05    0.00    2.95 v _094_/B (sky130_fd_sc_hd__and3_1)
                  0.04    0.18    3.13 v _094_/X (sky130_fd_sc_hd__and3_1)
     2    0.00                           _027_ (net)
                  0.04    0.00    3.13 v _107_/B1 (sky130_fd_sc_hd__a21o_1)
                  0.04    0.17    3.30 v _107_/X (sky130_fd_sc_hd__a21o_1)
     2    0.01                           _039_ (net)
                  0.04    0.00    3.30 v _111_/A (sky130_fd_sc_hd__and2_1)
                  0.09    0.20    3.49 v _111_/X (sky130_fd_sc_hd__and2_1)
     5    0.02                           _043_ (net)
                  0.09    0.00    3.49 v _157_/A1 (sky130_fd_sc_hd__o211a_1)
                  0.05    0.26    3.75 v _157_/X (sky130_fd_sc_hd__o211a_1)
     2    0.01                           _001_ (net)
                  0.05    0.00    3.75 v _159_/A1 (sky130_fd_sc_hd__o21ai_1)
                  0.14    0.17    3.92 ^ _159_/Y (sky130_fd_sc_hd__o21ai_1)
     1    0.01                           _003_ (net)
                  0.14    0.00    3.92 ^ _160_/B (sky130_fd_sc_hd__xnor2_1)
                  0.12    0.14    4.06 ^ _160_/Y (sky130_fd_sc_hd__xnor2_1)
     1    0.00                           _004_ (net)
                  0.12    0.00    4.06 ^ _164_/A2 (sky130_fd_sc_hd__a21o_1)
                  0.08    0.16    4.22 ^ _164_/X (sky130_fd_sc_hd__a21o_1)
     1    0.01                           net26 (net)
                  0.08    0.00    4.22 ^ output26/A (sky130_fd_sc_hd__clkbuf_4)
                  0.12    0.21    4.43 ^ output26/X (sky130_fd_sc_hd__clkbuf_4)
     1    0.04                           result[6] (net)
                  0.12    0.00    4.43 ^ result[6] (out)
                                  4.43   data arrival time

                  0.00   10.00   10.00   clock clk (rise edge)
                          0.00   10.00   clock network delay (ideal)
                         -0.25    9.75   clock uncertainty
                          0.00    9.75   clock reconvergence pessimism
                         -2.00    7.75   output external delay
                                  7.75   data required time
-----------------------------------------------------------------------------
                                  7.75   data required time
                                 -4.43   data arrival time
-----------------------------------------------------------------------------
                                  3.32   slack (MET)


Startpoint: op[0] (input port clocked by clk)
Endpoint: result[5] (output port clocked by clk)
Path Group: clk
Path Type: max
Corner: Typical

Fanout     Cap    Slew   Delay    Time   Description
-----------------------------------------------------------------------------
                  0.00    0.00    0.00   clock clk (rise edge)
                          0.00    0.00   clock network delay (ideal)
                          2.00    2.00 ^ input external delay
                  0.02    0.01    2.01 ^ op[0] (in)
     1    0.00                           op[0] (net)
                  0.02    0.00    2.01 ^ input17/A (sky130_fd_sc_hd__clkbuf_2)
                  0.12    0.16    2.18 ^ input17/X (sky130_fd_sc_hd__clkbuf_2)
     6    0.02                           net17 (net)
                  0.12    0.00    2.18 ^ _090_/C_N (sky130_fd_sc_hd__or3b_1)
                  0.06    0.37    2.54 v _090_/X (sky130_fd_sc_hd__or3b_1)
     1    0.00                           _023_ (net)
                  0.06    0.00    2.54 v _091_/A (sky130_fd_sc_hd__buf_2)
                  0.08    0.19    2.73 v _091_/X (sky130_fd_sc_hd__buf_2)
     8    0.03                           _024_ (net)
                  0.08    0.00    2.73 v _092_/A2 (sky130_fd_sc_hd__a21bo_1)
                  0.05    0.22    2.95 v _092_/X (sky130_fd_sc_hd__a21bo_1)
     2    0.01                           _025_ (net)
                  0.05    0.00    2.95 v _094_/B (sky130_fd_sc_hd__and3_1)
                  0.04    0.18    3.13 v _094_/X (sky130_fd_sc_hd__and3_1)
     2    0.00                           _027_ (net)
                  0.04    0.00    3.13 v _107_/B1 (sky130_fd_sc_hd__a21o_1)
                  0.04    0.17    3.30 v _107_/X (sky130_fd_sc_hd__a21o_1)
     2    0.01                           _039_ (net)
                  0.04    0.00    3.30 v _111_/A (sky130_fd_sc_hd__and2_1)
                  0.09    0.20    3.49 v _111_/X (sky130_fd_sc_hd__and2_1)
     5    0.02                           _043_ (net)
                  0.09    0.00    3.49 v _132_/A1 (sky130_fd_sc_hd__o211ai_2)
                  0.15    0.20    3.70 ^ _132_/Y (sky130_fd_sc_hd__o211ai_2)
     2    0.01                           _062_ (net)
                  0.15    0.00    3.70 ^ _147_/B (sky130_fd_sc_hd__nand2_1)
                  0.06    0.09    3.79 v _147_/Y (sky130_fd_sc_hd__nand2_1)
     2    0.01                           _076_ (net)
                  0.06    0.00    3.79 v _149_/A2 (sky130_fd_sc_hd__o21a_1)
                  0.04    0.18    3.97 v _149_/X (sky130_fd_sc_hd__o21a_1)
     1    0.00                           _078_ (net)
                  0.04    0.00    3.97 v _153_/A2 (sky130_fd_sc_hd__a21o_1)
                  0.04    0.18    4.15 v _153_/X (sky130_fd_sc_hd__a21o_1)
     1    0.00                           net25 (net)
                  0.04    0.00    4.15 v output25/A (sky130_fd_sc_hd__clkbuf_4)
                  0.08    0.19    4.34 v output25/X (sky130_fd_sc_hd__clkbuf_4)
     1    0.03                           result[5] (net)
                  0.08    0.00    4.34 v result[5] (out)
                                  4.34   data arrival time

                  0.00   10.00   10.00   clock clk (rise edge)
                          0.00   10.00   clock network delay (ideal)
                         -0.25    9.75   clock uncertainty
                          0.00    9.75   clock reconvergence pessimism
                         -2.00    7.75   output external delay
                                  7.75   data required time
-----------------------------------------------------------------------------
                                  7.75   data required time
                                 -4.34   data arrival time
-----------------------------------------------------------------------------
                                  3.41   slack (MET)


Startpoint: op[0] (input port clocked by clk)
Endpoint: result[4] (output port clocked by clk)
Path Group: clk
Path Type: max
Corner: Typical

Fanout     Cap    Slew   Delay    Time   Description
-----------------------------------------------------------------------------
                  0.00    0.00    0.00   clock clk (rise edge)
                          0.00    0.00   clock network delay (ideal)
                          2.00    2.00 ^ input external delay
                  0.02    0.01    2.01 ^ op[0] (in)
     1    0.00                           op[0] (net)
                  0.02    0.00    2.01 ^ input17/A (sky130_fd_sc_hd__clkbuf_2)
                  0.12    0.16    2.18 ^ input17/X (sky130_fd_sc_hd__clkbuf_2)
     6    0.02                           net17 (net)
                  0.12    0.00    2.18 ^ _090_/C_N (sky130_fd_sc_hd__or3b_1)
                  0.06    0.37    2.54 v _090_/X (sky130_fd_sc_hd__or3b_1)
     1    0.00                           _023_ (net)
                  0.06    0.00    2.54 v _091_/A (sky130_fd_sc_hd__buf_2)
                  0.08    0.19    2.73 v _091_/X (sky130_fd_sc_hd__buf_2)
     8    0.03                           _024_ (net)
                  0.08    0.00    2.73 v _092_/A2 (sky130_fd_sc_hd__a21bo_1)
                  0.05    0.22    2.95 v _092_/X (sky130_fd_sc_hd__a21bo_1)
     2    0.01                           _025_ (net)
                  0.05    0.00    2.95 v _094_/B (sky130_fd_sc_hd__and3_1)
                  0.04    0.18    3.13 v _094_/X (sky130_fd_sc_hd__and3_1)
     2    0.00                           _027_ (net)
                  0.04    0.00    3.13 v _107_/B1 (sky130_fd_sc_hd__a21o_1)
                  0.04    0.17    3.30 v _107_/X (sky130_fd_sc_hd__a21o_1)
     2    0.01                           _039_ (net)
                  0.04    0.00    3.30 v _111_/A (sky130_fd_sc_hd__and2_1)
                  0.09    0.20    3.49 v _111_/X (sky130_fd_sc_hd__and2_1)
     5    0.02                           _043_ (net)
                  0.09    0.00    3.49 v _133_/A1 (sky130_fd_sc_hd__o21a_1)
                  0.03    0.20    3.69 v _133_/X (sky130_fd_sc_hd__o21a_1)
     1    0.00                           _063_ (net)
                  0.03    0.00    3.69 v _134_/B (sky130_fd_sc_hd__or2_1)
                  0.05    0.21    3.90 v _134_/X (sky130_fd_sc_hd__or2_1)
     1    0.00                           _064_ (net)
                  0.05    0.00    3.90 v _138_/A3 (sky130_fd_sc_hd__a31o_1)
                  0.05    0.24    4.14 v _138_/X (sky130_fd_sc_hd__a31o_1)
     1    0.01                           net24 (net)
                  0.05    0.00    4.14 v output24/A (sky130_fd_sc_hd__clkbuf_4)
                  0.08    0.19    4.33 v output24/X (sky130_fd_sc_hd__clkbuf_4)
     1    0.03                           result[4] (net)
                  0.08    0.00    4.33 v result[4] (out)
                                  4.33   data arrival time

                  0.00   10.00   10.00   clock clk (rise edge)
                          0.00   10.00   clock network delay (ideal)
                         -0.25    9.75   clock uncertainty
                          0.00    9.75   clock reconvergence pessimism
                         -2.00    7.75   output external delay
                                  7.75   data required time
-----------------------------------------------------------------------------
                                  7.75   data required time
                                 -4.33   data arrival time
-----------------------------------------------------------------------------
                                  3.42   slack (MET)


Startpoint: op[0] (input port clocked by clk)
Endpoint: result[2] (output port clocked by clk)
Path Group: clk
Path Type: max
Corner: Typical

Fanout     Cap    Slew   Delay    Time   Description
-----------------------------------------------------------------------------
                  0.00    0.00    0.00   clock clk (rise edge)
                          0.00    0.00   clock network delay (ideal)
                          2.00    2.00 ^ input external delay
                  0.02    0.01    2.01 ^ op[0] (in)
     1    0.00                           op[0] (net)
                  0.02    0.00    2.01 ^ input17/A (sky130_fd_sc_hd__clkbuf_2)
                  0.12    0.16    2.18 ^ input17/X (sky130_fd_sc_hd__clkbuf_2)
     6    0.02                           net17 (net)
                  0.12    0.00    2.18 ^ _090_/C_N (sky130_fd_sc_hd__or3b_1)
                  0.06    0.37    2.54 v _090_/X (sky130_fd_sc_hd__or3b_1)
     1    0.00                           _023_ (net)
                  0.06    0.00    2.54 v _091_/A (sky130_fd_sc_hd__buf_2)
                  0.08    0.19    2.73 v _091_/X (sky130_fd_sc_hd__buf_2)
     8    0.03                           _024_ (net)
                  0.08    0.00    2.73 v _108_/B1 (sky130_fd_sc_hd__o21a_1)
                  0.07    0.16    2.89 v _108_/X (sky130_fd_sc_hd__o21a_1)
     2    0.01                           _040_ (net)
                  0.07    0.00    2.89 v _109_/B (sky130_fd_sc_hd__xnor2_2)
                  0.19    0.20    3.09 ^ _109_/Y (sky130_fd_sc_hd__xnor2_2)
     3    0.01                           _041_ (net)
                  0.19    0.00    3.09 ^ _110_/B (sky130_fd_sc_hd__xor2_1)
                  0.16    0.21    3.29 ^ _110_/X (sky130_fd_sc_hd__xor2_1)
     2    0.01                           _042_ (net)
                  0.16    0.00    3.29 ^ _111_/B (sky130_fd_sc_hd__and2_1)
                  0.18    0.26    3.55 ^ _111_/X (sky130_fd_sc_hd__and2_1)
     5    0.02                           _043_ (net)
                  0.18    0.00    3.55 ^ _113_/A (sky130_fd_sc_hd__nor2_1)
                  0.05    0.08    3.63 v _113_/Y (sky130_fd_sc_hd__nor2_1)
     1    0.00                           _045_ (net)
                  0.05    0.00    3.63 v _116_/B1 (sky130_fd_sc_hd__a311o_1)
                  0.05    0.32    3.95 v _116_/X (sky130_fd_sc_hd__a311o_1)
     1    0.00                           net22 (net)
                  0.05    0.00    3.95 v output22/A (sky130_fd_sc_hd__clkbuf_4)
                  0.08    0.19    4.15 v output22/X (sky130_fd_sc_hd__clkbuf_4)
     1    0.03                           result[2] (net)
                  0.08    0.00    4.15 v result[2] (out)
                                  4.15   data arrival time

                  0.00   10.00   10.00   clock clk (rise edge)
                          0.00   10.00   clock network delay (ideal)
                         -0.25    9.75   clock uncertainty
                          0.00    9.75   clock reconvergence pessimism
                         -2.00    7.75   output external delay
                                  7.75   data required time
-----------------------------------------------------------------------------
                                  7.75   data required time
                                 -4.15   data arrival time
-----------------------------------------------------------------------------
                                  3.60   slack (MET)


Startpoint: op[0] (input port clocked by clk)
Endpoint: result[1] (output port clocked by clk)
Path Group: clk
Path Type: max
Corner: Typical

Fanout     Cap    Slew   Delay    Time   Description
-----------------------------------------------------------------------------
                  0.00    0.00    0.00   clock clk (rise edge)
                          0.00    0.00   clock network delay (ideal)
                          2.00    2.00 ^ input external delay
                  0.02    0.01    2.01 ^ op[0] (in)
     1    0.00                           op[0] (net)
                  0.02    0.00    2.01 ^ input17/A (sky130_fd_sc_hd__clkbuf_2)
                  0.12    0.16    2.18 ^ input17/X (sky130_fd_sc_hd__clkbuf_2)
     6    0.02                           net17 (net)
                  0.12    0.00    2.18 ^ _090_/C_N (sky130_fd_sc_hd__or3b_1)
                  0.06    0.37    2.54 v _090_/X (sky130_fd_sc_hd__or3b_1)
     1    0.00                           _023_ (net)
                  0.06    0.00    2.54 v _091_/A (sky130_fd_sc_hd__buf_2)
                  0.08    0.19    2.73 v _091_/X (sky130_fd_sc_hd__buf_2)
     8    0.03                           _024_ (net)
                  0.08    0.00    2.73 v _092_/A2 (sky130_fd_sc_hd__a21bo_1)
                  0.05    0.22    2.95 v _092_/X (sky130_fd_sc_hd__a21bo_1)
     2    0.01                           _025_ (net)
                  0.05    0.00    2.95 v _094_/B (sky130_fd_sc_hd__and3_1)
                  0.04    0.18    3.13 v _094_/X (sky130_fd_sc_hd__and3_1)
     2    0.00                           _027_ (net)
                  0.04    0.00    3.13 v _096_/A (sky130_fd_sc_hd__or2b_1)
                  0.06    0.24    3.37 v _096_/X (sky130_fd_sc_hd__or2b_1)
     1    0.00                           _029_ (net)
                  0.06    0.00    3.37 v _098_/A (sky130_fd_sc_hd__xnor2_1)
                  0.05    0.13    3.50 v _098_/Y (sky130_fd_sc_hd__xnor2_1)
     1    0.00                           _031_ (net)
                  0.05    0.00    3.50 v _106_/A2 (sky130_fd_sc_hd__a21o_1)
                  0.03    0.18    3.68 v _106_/X (sky130_fd_sc_hd__a21o_1)
     1    0.00                           net21 (net)
                  0.03    0.00    3.68 v output21/A (sky130_fd_sc_hd__clkbuf_4)
                  0.08    0.19    3.86 v output21/X (sky130_fd_sc_hd__clkbuf_4)
     1    0.03                           result[1] (net)
                  0.08    0.00    3.86 v result[1] (out)
                                  3.86   data arrival time

                  0.00   10.00   10.00   clock clk (rise edge)
                          0.00   10.00   clock network delay (ideal)
                         -0.25    9.75   clock uncertainty
                          0.00    9.75   clock reconvergence pessimism
                         -2.00    7.75   output external delay
                                  7.75   data required time
-----------------------------------------------------------------------------
                                  7.75   data required time
                                 -3.86   data arrival time
-----------------------------------------------------------------------------
                                  3.89   slack (MET)


Startpoint: b[0] (input port clocked by clk)
Endpoint: result[0] (output port clocked by clk)
Path Group: clk
Path Type: max
Corner: Typical

Fanout     Cap    Slew   Delay    Time   Description
-----------------------------------------------------------------------------
                  0.00    0.00    0.00   clock clk (rise edge)
                          0.00    0.00   clock network delay (ideal)
                          2.00    2.00 v input external delay
                  0.01    0.01    2.01 v b[0] (in)
     1    0.00                           b[0] (net)
                  0.01    0.00    2.01 v input9/A (sky130_fd_sc_hd__buf_2)
                  0.07    0.16    2.17 v input9/X (sky130_fd_sc_hd__buf_2)
     8    0.03                           net9 (net)
                  0.07    0.00    2.17 v _086_/A2 (sky130_fd_sc_hd__a221o_1)
                  0.05    0.36    2.53 v _086_/X (sky130_fd_sc_hd__a221o_1)
     1    0.00                           _020_ (net)
                  0.05    0.00    2.53 v _087_/B1 (sky130_fd_sc_hd__o21ai_1)
                  0.10    0.08    2.60 ^ _087_/Y (sky130_fd_sc_hd__o21ai_1)
     1    0.00                           _021_ (net)
                  0.10    0.00    2.60 ^ _088_/B1 (sky130_fd_sc_hd__o21a_1)
                  0.04    0.13    2.73 ^ _088_/X (sky130_fd_sc_hd__o21a_1)
     1    0.00                           net20 (net)
                  0.04    0.00    2.73 ^ output20/A (sky130_fd_sc_hd__clkbuf_4)
                  0.11    0.19    2.93 ^ output20/X (sky130_fd_sc_hd__clkbuf_4)
     1    0.03                           result[0] (net)
                  0.11    0.00    2.93 ^ result[0] (out)
                                  2.93   data arrival time

                  0.00   10.00   10.00   clock clk (rise edge)
                          0.00   10.00   clock network delay (ideal)
                         -0.25    9.75   clock uncertainty
                          0.00    9.75   clock reconvergence pessimism
                         -2.00    7.75   output external delay
                                  7.75   data required time
-----------------------------------------------------------------------------
                                  7.75   data required time
                                 -2.93   data arrival time
-----------------------------------------------------------------------------
                                  4.82   slack (MET)



