
===========================================================================
report_checks -path_delay max (Setup)
============================================================================
======================= Typical Corner ===================================

Startpoint: op[0] (input port clocked by clk)
Endpoint: result[7] (output port clocked by clk)
Path Group: clk
Path Type: max

Fanout     Cap    Slew   Delay    Time   Description
-----------------------------------------------------------------------------
                  0.00    0.00    0.00   clock clk (rise edge)
                          0.00    0.00   clock network delay (ideal)
                          2.00    2.00 ^ input external delay
                  0.08    0.06    2.06 ^ op[0] (in)
     6    0.02                           op[0] (net)
                  0.08    0.00    2.06 ^ _090_/C_N (sky130_fd_sc_hd__or3b_2)
                  0.07    0.45    2.51 v _090_/X (sky130_fd_sc_hd__or3b_2)
     1    0.00                           _023_ (net)
                  0.07    0.00    2.51 v _091_/A (sky130_fd_sc_hd__buf_1)
                  0.13    0.19    2.71 v _091_/X (sky130_fd_sc_hd__buf_1)
     8    0.02                           _024_ (net)
                  0.13    0.00    2.71 v _092_/A2 (sky130_fd_sc_hd__a21bo_2)
                  0.04    0.26    2.96 v _092_/X (sky130_fd_sc_hd__a21bo_2)
     2    0.00                           _025_ (net)
                  0.04    0.00    2.96 v _094_/B (sky130_fd_sc_hd__and3_2)
                  0.04    0.20    3.16 v _094_/X (sky130_fd_sc_hd__and3_2)
     2    0.00                           _027_ (net)
                  0.04    0.00    3.16 v _107_/B1 (sky130_fd_sc_hd__a21o_2)
                  0.04    0.20    3.36 v _107_/X (sky130_fd_sc_hd__a21o_2)
     2    0.01                           _039_ (net)
                  0.04    0.00    3.36 v _111_/A (sky130_fd_sc_hd__and2_2)
                  0.07    0.21    3.57 v _111_/X (sky130_fd_sc_hd__and2_2)
     5    0.02                           _043_ (net)
                  0.07    0.00    3.57 v _157_/A1 (sky130_fd_sc_hd__o211a_2)
                  0.05    0.29    3.86 v _157_/X (sky130_fd_sc_hd__o211a_2)
     2    0.01                           _001_ (net)
                  0.05    0.00    3.86 v _166_/A1 (sky130_fd_sc_hd__o211a_2)
                  0.05    0.28    4.14 v _166_/X (sky130_fd_sc_hd__o211a_2)
     2    0.01                           _009_ (net)
                  0.05    0.00    4.14 v _171_/B (sky130_fd_sc_hd__or3_2)
                  0.07    0.46    4.60 v _171_/X (sky130_fd_sc_hd__or3_2)
     1    0.00                           _014_ (net)
                  0.07    0.00    4.60 v _175_/A3 (sky130_fd_sc_hd__a31o_2)
                  0.11    0.35    4.95 v _175_/X (sky130_fd_sc_hd__a31o_2)
     1    0.03                           result[7] (net)
                  0.11    0.00    4.95 v result[7] (out)
                                  4.95   data arrival time

                  0.00   10.00   10.00   clock clk (rise edge)
                          0.00   10.00   clock network delay (ideal)
                         -0.25    9.75   clock uncertainty
                          0.00    9.75   clock reconvergence pessimism
                         -2.00    7.75   output external delay
                                  7.75   data required time
-----------------------------------------------------------------------------
                                  7.75   data required time
                                 -4.95   data arrival time
-----------------------------------------------------------------------------
                                  2.80   slack (MET)


Startpoint: op[0] (input port clocked by clk)
Endpoint: result[3] (output port clocked by clk)
Path Group: clk
Path Type: max

Fanout     Cap    Slew   Delay    Time   Description
-----------------------------------------------------------------------------
                  0.00    0.00    0.00   clock clk (rise edge)
                          0.00    0.00   clock network delay (ideal)
                          2.00    2.00 ^ input external delay
                  0.08    0.06    2.06 ^ op[0] (in)
     6    0.02                           op[0] (net)
                  0.08    0.00    2.06 ^ _090_/C_N (sky130_fd_sc_hd__or3b_2)
                  0.07    0.45    2.51 v _090_/X (sky130_fd_sc_hd__or3b_2)
     1    0.00                           _023_ (net)
                  0.07    0.00    2.51 v _091_/A (sky130_fd_sc_hd__buf_1)
                  0.13    0.19    2.71 v _091_/X (sky130_fd_sc_hd__buf_1)
     8    0.02                           _024_ (net)
                  0.13    0.00    2.71 v _108_/B1 (sky130_fd_sc_hd__o21a_2)
                  0.05    0.18    2.89 v _108_/X (sky130_fd_sc_hd__o21a_2)
     2    0.01                           _040_ (net)
                  0.05    0.00    2.89 v _117_/B1 (sky130_fd_sc_hd__a21o_2)
                  0.05    0.21    3.10 v _117_/X (sky130_fd_sc_hd__a21o_2)
     1    0.01                           _048_ (net)
                  0.05    0.00    3.10 v _118_/B (sky130_fd_sc_hd__xnor2_2)
                  0.06    0.15    3.24 v _118_/Y (sky130_fd_sc_hd__xnor2_2)
     3    0.01                           _049_ (net)
                  0.06    0.00    3.24 v _120_/B (sky130_fd_sc_hd__or2_2)
                  0.08    0.32    3.57 v _120_/X (sky130_fd_sc_hd__or2_2)
     4    0.01                           _051_ (net)
                  0.08    0.00    3.57 v _121_/B (sky130_fd_sc_hd__and2_2)
                  0.05    0.23    3.80 v _121_/X (sky130_fd_sc_hd__and2_2)
     2    0.01                           _052_ (net)
                  0.05    0.00    3.80 v _123_/A1 (sky130_fd_sc_hd__o21ai_2)
                  0.10    0.14    3.94 ^ _123_/Y (sky130_fd_sc_hd__o21ai_2)
     1    0.00                           _054_ (net)
                  0.10    0.00    3.94 ^ _124_/B1 (sky130_fd_sc_hd__a21oi_2)
                  0.03    0.04    3.98 v _124_/Y (sky130_fd_sc_hd__a21oi_2)
     1    0.00                           _055_ (net)
                  0.03    0.00    3.98 v _127_/B1 (sky130_fd_sc_hd__a311o_2)
                  0.13    0.47    4.44 v _127_/X (sky130_fd_sc_hd__a311o_2)
     1    0.03                           result[3] (net)
                  0.13    0.00    4.44 v result[3] (out)
                                  4.44   data arrival time

                  0.00   10.00   10.00   clock clk (rise edge)
                          0.00   10.00   clock network delay (ideal)
                         -0.25    9.75   clock uncertainty
                          0.00    9.75   clock reconvergence pessimism
                         -2.00    7.75   output external delay
                                  7.75   data required time
-----------------------------------------------------------------------------
                                  7.75   data required time
                                 -4.44   data arrival time
-----------------------------------------------------------------------------
                                  3.31   slack (MET)


Startpoint: op[0] (input port clocked by clk)
Endpoint: result[6] (output port clocked by clk)
Path Group: clk
Path Type: max

Fanout     Cap    Slew   Delay    Time   Description
-----------------------------------------------------------------------------
                  0.00    0.00    0.00   clock clk (rise edge)
                          0.00    0.00   clock network delay (ideal)
                          2.00    2.00 ^ input external delay
                  0.08    0.06    2.06 ^ op[0] (in)
     6    0.02                           op[0] (net)
                  0.08    0.00    2.06 ^ _090_/C_N (sky130_fd_sc_hd__or3b_2)
                  0.07    0.45    2.51 v _090_/X (sky130_fd_sc_hd__or3b_2)
     1    0.00                           _023_ (net)
                  0.07    0.00    2.51 v _091_/A (sky130_fd_sc_hd__buf_1)
                  0.13    0.19    2.71 v _091_/X (sky130_fd_sc_hd__buf_1)
     8    0.02                           _024_ (net)
                  0.13    0.00    2.71 v _092_/A2 (sky130_fd_sc_hd__a21bo_2)
                  0.04    0.26    2.96 v _092_/X (sky130_fd_sc_hd__a21bo_2)
     2    0.00                           _025_ (net)
                  0.04    0.00    2.96 v _094_/B (sky130_fd_sc_hd__and3_2)
                  0.04    0.20    3.16 v _094_/X (sky130_fd_sc_hd__and3_2)
     2    0.00                           _027_ (net)
                  0.04    0.00    3.16 v _107_/B1 (sky130_fd_sc_hd__a21o_2)
                  0.04    0.20    3.36 v _107_/X (sky130_fd_sc_hd__a21o_2)
     2    0.01                           _039_ (net)
                  0.04    0.00    3.36 v _111_/A (sky130_fd_sc_hd__and2_2)
                  0.07    0.21    3.57 v _111_/X (sky130_fd_sc_hd__and2_2)
     5    0.02                           _043_ (net)
                  0.07    0.00    3.57 v _157_/A1 (sky130_fd_sc_hd__o211a_2)
                  0.05    0.29    3.86 v _157_/X (sky130_fd_sc_hd__o211a_2)
     2    0.01                           _001_ (net)
                  0.05    0.00    3.86 v _159_/A1 (sky130_fd_sc_hd__o21ai_2)
                  0.14    0.17    4.03 ^ _159_/Y (sky130_fd_sc_hd__o21ai_2)
     1    0.01                           _003_ (net)
                  0.14    0.00    4.03 ^ _160_/B (sky130_fd_sc_hd__xnor2_2)
                  0.10    0.12    4.16 ^ _160_/Y (sky130_fd_sc_hd__xnor2_2)
     1    0.00                           _004_ (net)
                  0.10    0.00    4.16 ^ _164_/A2 (sky130_fd_sc_hd__a21o_2)
                  0.17    0.25    4.40 ^ _164_/X (sky130_fd_sc_hd__a21o_2)
     1    0.03                           result[6] (net)
                  0.17    0.00    4.40 ^ result[6] (out)
                                  4.40   data arrival time

                  0.00   10.00   10.00   clock clk (rise edge)
                          0.00   10.00   clock network delay (ideal)
                         -0.25    9.75   clock uncertainty
                          0.00    9.75   clock reconvergence pessimism
                         -2.00    7.75   output external delay
                                  7.75   data required time
-----------------------------------------------------------------------------
                                  7.75   data required time
                                 -4.40   data arrival time
-----------------------------------------------------------------------------
                                  3.35   slack (MET)


Startpoint: op[0] (input port clocked by clk)
Endpoint: result[4] (output port clocked by clk)
Path Group: clk
Path Type: max

Fanout     Cap    Slew   Delay    Time   Description
-----------------------------------------------------------------------------
                  0.00    0.00    0.00   clock clk (rise edge)
                          0.00    0.00   clock network delay (ideal)
                          2.00    2.00 ^ input external delay
                  0.08    0.06    2.06 ^ op[0] (in)
     6    0.02                           op[0] (net)
                  0.08    0.00    2.06 ^ _090_/C_N (sky130_fd_sc_hd__or3b_2)
                  0.07    0.45    2.51 v _090_/X (sky130_fd_sc_hd__or3b_2)
     1    0.00                           _023_ (net)
                  0.07    0.00    2.51 v _091_/A (sky130_fd_sc_hd__buf_1)
                  0.13    0.19    2.71 v _091_/X (sky130_fd_sc_hd__buf_1)
     8    0.02                           _024_ (net)
                  0.13    0.00    2.71 v _092_/A2 (sky130_fd_sc_hd__a21bo_2)
                  0.04    0.26    2.96 v _092_/X (sky130_fd_sc_hd__a21bo_2)
     2    0.00                           _025_ (net)
                  0.04    0.00    2.96 v _094_/B (sky130_fd_sc_hd__and3_2)
                  0.04    0.20    3.16 v _094_/X (sky130_fd_sc_hd__and3_2)
     2    0.00                           _027_ (net)
                  0.04    0.00    3.16 v _107_/B1 (sky130_fd_sc_hd__a21o_2)
                  0.04    0.20    3.36 v _107_/X (sky130_fd_sc_hd__a21o_2)
     2    0.01                           _039_ (net)
                  0.04    0.00    3.36 v _111_/A (sky130_fd_sc_hd__and2_2)
                  0.07    0.21    3.57 v _111_/X (sky130_fd_sc_hd__and2_2)
     5    0.02                           _043_ (net)
                  0.07    0.00    3.57 v _133_/A1 (sky130_fd_sc_hd__o21a_2)
                  0.03    0.21    3.78 v _133_/X (sky130_fd_sc_hd__o21a_2)
     1    0.00                           _063_ (net)
                  0.03    0.00    3.78 v _134_/B (sky130_fd_sc_hd__or2_2)
                  0.05    0.27    4.05 v _134_/X (sky130_fd_sc_hd__or2_2)
     1    0.00                           _064_ (net)
                  0.05    0.00    4.05 v _138_/A3 (sky130_fd_sc_hd__a31o_2)
                  0.11    0.34    4.39 v _138_/X (sky130_fd_sc_hd__a31o_2)
     1    0.03                           result[4] (net)
                  0.11    0.00    4.39 v result[4] (out)
                                  4.39   data arrival time

                  0.00   10.00   10.00   clock clk (rise edge)
                          0.00   10.00   clock network delay (ideal)
                         -0.25    9.75   clock uncertainty
                          0.00    9.75   clock reconvergence pessimism
                         -2.00    7.75   output external delay
                                  7.75   data required time
-----------------------------------------------------------------------------
                                  7.75   data required time
                                 -4.39   data arrival time
-----------------------------------------------------------------------------
                                  3.36   slack (MET)


Startpoint: op[0] (input port clocked by clk)
Endpoint: result[5] (output port clocked by clk)
Path Group: clk
Path Type: max

Fanout     Cap    Slew   Delay    Time   Description
-----------------------------------------------------------------------------
                  0.00    0.00    0.00   clock clk (rise edge)
                          0.00    0.00   clock network delay (ideal)
                          2.00    2.00 ^ input external delay
                  0.08    0.06    2.06 ^ op[0] (in)
     6    0.02                           op[0] (net)
                  0.08    0.00    2.06 ^ _090_/C_N (sky130_fd_sc_hd__or3b_2)
                  0.07    0.45    2.51 v _090_/X (sky130_fd_sc_hd__or3b_2)
     1    0.00                           _023_ (net)
                  0.07    0.00    2.51 v _091_/A (sky130_fd_sc_hd__buf_1)
                  0.13    0.19    2.71 v _091_/X (sky130_fd_sc_hd__buf_1)
     8    0.02                           _024_ (net)
                  0.13    0.00    2.71 v _092_/A2 (sky130_fd_sc_hd__a21bo_2)
                  0.04    0.26    2.96 v _092_/X (sky130_fd_sc_hd__a21bo_2)
     2    0.00                           _025_ (net)
                  0.04    0.00    2.96 v _094_/B (sky130_fd_sc_hd__and3_2)
                  0.04    0.20    3.16 v _094_/X (sky130_fd_sc_hd__and3_2)
     2    0.00                           _027_ (net)
                  0.04    0.00    3.16 v _107_/B1 (sky130_fd_sc_hd__a21o_2)
                  0.04    0.20    3.36 v _107_/X (sky130_fd_sc_hd__a21o_2)
     2    0.01                           _039_ (net)
                  0.04    0.00    3.36 v _111_/A (sky130_fd_sc_hd__and2_2)
                  0.07    0.21    3.57 v _111_/X (sky130_fd_sc_hd__and2_2)
     5    0.02                           _043_ (net)
                  0.07    0.00    3.57 v _132_/A1 (sky130_fd_sc_hd__o211ai_2)
                  0.16    0.20    3.77 ^ _132_/Y (sky130_fd_sc_hd__o211ai_2)
     2    0.01                           _062_ (net)
                  0.16    0.00    3.77 ^ _147_/B (sky130_fd_sc_hd__nand2_2)
                  0.05    0.08    3.85 v _147_/Y (sky130_fd_sc_hd__nand2_2)
     2    0.01                           _076_ (net)
                  0.05    0.00    3.85 v _149_/A2 (sky130_fd_sc_hd__o21a_2)
                  0.03    0.19    4.04 v _149_/X (sky130_fd_sc_hd__o21a_2)
     1    0.00                           _078_ (net)
                  0.03    0.00    4.04 v _153_/A2 (sky130_fd_sc_hd__a21o_2)
                  0.10    0.29    4.33 v _153_/X (sky130_fd_sc_hd__a21o_2)
     1    0.03                           result[5] (net)
                  0.10    0.00    4.33 v result[5] (out)
                                  4.33   data arrival time

                  0.00   10.00   10.00   clock clk (rise edge)
                          0.00   10.00   clock network delay (ideal)
                         -0.25    9.75   clock uncertainty
                          0.00    9.75   clock reconvergence pessimism
                         -2.00    7.75   output external delay
                                  7.75   data required time
-----------------------------------------------------------------------------
                                  7.75   data required time
                                 -4.33   data arrival time
-----------------------------------------------------------------------------
                                  3.42   slack (MET)


Startpoint: op[0] (input port clocked by clk)
Endpoint: result[2] (output port clocked by clk)
Path Group: clk
Path Type: max

Fanout     Cap    Slew   Delay    Time   Description
-----------------------------------------------------------------------------
                  0.00    0.00    0.00   clock clk (rise edge)
                          0.00    0.00   clock network delay (ideal)
                          2.00    2.00 ^ input external delay
                  0.08    0.06    2.06 ^ op[0] (in)
     6    0.02                           op[0] (net)
                  0.08    0.00    2.06 ^ _090_/C_N (sky130_fd_sc_hd__or3b_2)
                  0.07    0.45    2.51 v _090_/X (sky130_fd_sc_hd__or3b_2)
     1    0.00                           _023_ (net)
                  0.07    0.00    2.51 v _091_/A (sky130_fd_sc_hd__buf_1)
                  0.13    0.19    2.71 v _091_/X (sky130_fd_sc_hd__buf_1)
     8    0.02                           _024_ (net)
                  0.13    0.00    2.71 v _108_/B1 (sky130_fd_sc_hd__o21a_2)
                  0.05    0.18    2.89 v _108_/X (sky130_fd_sc_hd__o21a_2)
     2    0.01                           _040_ (net)
                  0.05    0.00    2.89 v _109_/B (sky130_fd_sc_hd__xnor2_2)
                  0.22    0.21    3.10 ^ _109_/Y (sky130_fd_sc_hd__xnor2_2)
     3    0.01                           _041_ (net)
                  0.22    0.00    3.10 ^ _110_/B (sky130_fd_sc_hd__xor2_2)
                  0.13    0.18    3.28 ^ _110_/X (sky130_fd_sc_hd__xor2_2)
     2    0.01                           _042_ (net)
                  0.13    0.00    3.28 ^ _111_/B (sky130_fd_sc_hd__and2_2)
                  0.10    0.22    3.50 ^ _111_/X (sky130_fd_sc_hd__and2_2)
     5    0.02                           _043_ (net)
                  0.10    0.00    3.50 ^ _113_/A (sky130_fd_sc_hd__nor2_2)
                  0.03    0.05    3.55 v _113_/Y (sky130_fd_sc_hd__nor2_2)
     1    0.00                           _045_ (net)
                  0.03    0.00    3.55 v _116_/B1 (sky130_fd_sc_hd__a311o_2)
                  0.13    0.47    4.01 v _116_/X (sky130_fd_sc_hd__a311o_2)
     1    0.03                           result[2] (net)
                  0.13    0.00    4.01 v result[2] (out)
                                  4.01   data arrival time

                  0.00   10.00   10.00   clock clk (rise edge)
                          0.00   10.00   clock network delay (ideal)
                         -0.25    9.75   clock uncertainty
                          0.00    9.75   clock reconvergence pessimism
                         -2.00    7.75   output external delay
                                  7.75   data required time
-----------------------------------------------------------------------------
                                  7.75   data required time
                                 -4.01   data arrival time
-----------------------------------------------------------------------------
                                  3.74   slack (MET)


Startpoint: op[0] (input port clocked by clk)
Endpoint: result[1] (output port clocked by clk)
Path Group: clk
Path Type: max

Fanout     Cap    Slew   Delay    Time   Description
-----------------------------------------------------------------------------
                  0.00    0.00    0.00   clock clk (rise edge)
                          0.00    0.00   clock network delay (ideal)
                          2.00    2.00 ^ input external delay
                  0.08    0.06    2.06 ^ op[0] (in)
     6    0.02                           op[0] (net)
                  0.08    0.00    2.06 ^ _090_/C_N (sky130_fd_sc_hd__or3b_2)
                  0.07    0.45    2.51 v _090_/X (sky130_fd_sc_hd__or3b_2)
     1    0.00                           _023_ (net)
                  0.07    0.00    2.51 v _091_/A (sky130_fd_sc_hd__buf_1)
                  0.13    0.19    2.71 v _091_/X (sky130_fd_sc_hd__buf_1)
     8    0.02                           _024_ (net)
                  0.13    0.00    2.71 v _092_/A2 (sky130_fd_sc_hd__a21bo_2)
                  0.04    0.26    2.96 v _092_/X (sky130_fd_sc_hd__a21bo_2)
     2    0.00                           _025_ (net)
                  0.04    0.00    2.96 v _094_/B (sky130_fd_sc_hd__and3_2)
                  0.04    0.20    3.16 v _094_/X (sky130_fd_sc_hd__and3_2)
     2    0.00                           _027_ (net)
                  0.04    0.00    3.16 v _096_/A (sky130_fd_sc_hd__or2b_2)
                  0.07    0.32    3.48 v _096_/X (sky130_fd_sc_hd__or2b_2)
     1    0.01                           _029_ (net)
                  0.07    0.00    3.48 v _098_/A (sky130_fd_sc_hd__xnor2_2)
                  0.04    0.14    3.62 v _098_/Y (sky130_fd_sc_hd__xnor2_2)
     1    0.00                           _031_ (net)
                  0.04    0.00    3.62 v _106_/A2 (sky130_fd_sc_hd__a21o_2)
                  0.10    0.30    3.92 v _106_/X (sky130_fd_sc_hd__a21o_2)
     1    0.03                           result[1] (net)
                  0.10    0.00    3.92 v result[1] (out)
                                  3.92   data arrival time

                  0.00   10.00   10.00   clock clk (rise edge)
                          0.00   10.00   clock network delay (ideal)
                         -0.25    9.75   clock uncertainty
                          0.00    9.75   clock reconvergence pessimism
                         -2.00    7.75   output external delay
                                  7.75   data required time
-----------------------------------------------------------------------------
                                  7.75   data required time
                                 -3.92   data arrival time
-----------------------------------------------------------------------------
                                  3.83   slack (MET)


Startpoint: b[0] (input port clocked by clk)
Endpoint: result[0] (output port clocked by clk)
Path Group: clk
Path Type: max

Fanout     Cap    Slew   Delay    Time   Description
-----------------------------------------------------------------------------
                  0.00    0.00    0.00   clock clk (rise edge)
                          0.00    0.00   clock network delay (ideal)
                          2.00    2.00 v input external delay
                  0.05    0.04    2.04 v b[0] (in)
     8    0.02                           b[0] (net)
                  0.05    0.00    2.04 v _086_/A2 (sky130_fd_sc_hd__a221o_2)
                  0.06    0.40    2.44 v _086_/X (sky130_fd_sc_hd__a221o_2)
     1    0.00                           _020_ (net)
                  0.06    0.00    2.44 v _087_/B1 (sky130_fd_sc_hd__o21ai_2)
                  0.08    0.06    2.49 ^ _087_/Y (sky130_fd_sc_hd__o21ai_2)
     1    0.00                           _021_ (net)
                  0.08    0.00    2.49 ^ _088_/B1 (sky130_fd_sc_hd__o21a_2)
                  0.18    0.25    2.75 ^ _088_/X (sky130_fd_sc_hd__o21a_2)
     1    0.03                           result[0] (net)
                  0.18    0.00    2.75 ^ result[0] (out)
                                  2.75   data arrival time

                  0.00   10.00   10.00   clock clk (rise edge)
                          0.00   10.00   clock network delay (ideal)
                         -0.25    9.75   clock uncertainty
                          0.00    9.75   clock reconvergence pessimism
                         -2.00    7.75   output external delay
                                  7.75   data required time
-----------------------------------------------------------------------------
                                  7.75   data required time
                                 -2.75   data arrival time
-----------------------------------------------------------------------------
                                  5.00   slack (MET)



